Component: ARM Compiler 5.06 update 5 (build 528) Tool: armlink [4d35e2]

==============================================================================

Section Cross References

    main.o(i.advertising_start) refers to ble_advertising.o(i.ble_advertising_start) for ble_advertising_start
    main.o(i.advertising_start) refers to app_error.o(i.app_error_handler_bare) for app_error_handler_bare
    main.o(i.advertising_start) refers to main.o(.bss) for .bss
    main.o(i.app_feed_wdt) refers to nrfx_wdt.o(i.nrfx_wdt_channel_feed) for nrfx_wdt_channel_feed
    main.o(i.app_feed_wdt) refers to main.o(.data) for .data
    main.o(i.assert_nrf_callback) refers to app_error_handler_keil.o(.emb_text) for app_error_handler
    main.o(i.ble_dfu_evt_handler) refers to memseta.o(.text) for __aeabi_memclr4
    main.o(i.ble_dfu_evt_handler) refers to ble_advertising.o(i.ble_advertising_modes_config_set) for ble_advertising_modes_config_set
    main.o(i.ble_dfu_evt_handler) refers to app_error.o(i.app_error_handler_bare) for app_error_handler_bare
    main.o(i.ble_dfu_evt_handler) refers to main.o(.bss) for .bss
    main.o(i.ble_dfu_evt_handler) refers to main.o(.data) for .data
    main.o(i.ble_evt_handler) refers to main.o(i.on_ble_evt) for on_ble_evt
    main.o(i.buttonless_dfu_sdh_state_observer) refers to nrf_pwr_mgmt.o(i.nrf_pwr_mgmt_shutdown) for nrf_pwr_mgmt_shutdown
    main.o(i.clock_timer_timeout_handler) refers to epd_driver.o(i.EPD_IsLowBattery) for EPD_IsLowBattery
    main.o(i.clock_timer_timeout_handler) refers to epd_driver.o(i.EPD_LED_BLINK) for EPD_LED_BLINK
    main.o(i.clock_timer_timeout_handler) refers to epd_service.o(i.ble_epd_on_timer) for ble_epd_on_timer
    main.o(i.clock_timer_timeout_handler) refers to main.o(.data) for .data
    main.o(i.clock_timer_timeout_handler) refers to main.o(.bss) for .bss
    main.o(i.conn_params_error_handler) refers to app_error.o(i.app_error_handler_bare) for app_error_handler_bare
    main.o(i.gap_params_init) refers to app_error.o(i.app_error_handler_bare) for app_error_handler_bare
    main.o(i.gap_params_init) refers to printfa.o(i.__0snprintf) for __2snprintf
    main.o(i.gap_params_init) refers to strlen.o(.text) for strlen
    main.o(i.gatt_evt_handler) refers to main.o(.data) for .data
    main.o(i.gatt_evt_handler) refers to main.o(.bss) for .bss
    main.o(i.gatt_init) refers to nrf_ble_gatt.o(i.nrf_ble_gatt_init) for nrf_ble_gatt_init
    main.o(i.gatt_init) refers to app_error.o(i.app_error_handler_bare) for app_error_handler_bare
    main.o(i.gatt_init) refers to nrf_ble_gatt.o(i.nrf_ble_gatt_att_mtu_periph_set) for nrf_ble_gatt_att_mtu_periph_set
    main.o(i.gatt_init) refers to main.o(i.gatt_evt_handler) for gatt_evt_handler
    main.o(i.gatt_init) refers to main.o(.bss) for .bss
    main.o(i.gpiote_evt_handler) refers to nrfx_gpiote.o(i.nrfx_gpiote_in_event_disable) for nrfx_gpiote_in_event_disable
    main.o(i.gpiote_evt_handler) refers to nrfx_gpiote.o(i.nrfx_gpiote_in_uninit) for nrfx_gpiote_in_uninit
    main.o(i.gpiote_evt_handler) refers to nrfx_gpiote.o(i.nrfx_gpiote_uninit) for nrfx_gpiote_uninit
    main.o(i.gpiote_evt_handler) refers to epd_driver.o(i.EPD_LED_BLINK) for EPD_LED_BLINK
    main.o(i.gpiote_evt_handler) refers to main.o(i.advertising_start) for advertising_start
    main.o(i.main) refers to nrfx_wdt.o(i.nrfx_wdt_init) for nrfx_wdt_init
    main.o(i.main) refers to app_error.o(i.app_error_handler_bare) for app_error_handler_bare
    main.o(i.main) refers to nrfx_wdt.o(i.nrfx_wdt_channel_alloc) for nrfx_wdt_channel_alloc
    main.o(i.main) refers to nrfx_wdt.o(i.nrfx_wdt_enable) for nrfx_wdt_enable
    main.o(i.main) refers to app_timer2.o(i.app_timer_init) for app_timer_init
    main.o(i.main) refers to app_timer2.o(i.app_timer_create) for app_timer_create
    main.o(i.main) refers to nrf_pwr_mgmt.o(i.nrf_pwr_mgmt_init) for nrf_pwr_mgmt_init
    main.o(i.main) refers to nrf_sdh.o(i.nrf_sdh_enable_request) for nrf_sdh_enable_request
    main.o(i.main) refers to nrf_sdh_ble.o(i.nrf_sdh_ble_default_cfg_set) for nrf_sdh_ble_default_cfg_set
    main.o(i.main) refers to nrf_sdh_ble.o(i.nrf_sdh_ble_enable) for nrf_sdh_ble_enable
    main.o(i.main) refers to app_scheduler.o(i.app_sched_init) for app_sched_init
    main.o(i.main) refers to main.o(i.gap_params_init) for gap_params_init
    main.o(i.main) refers to main.o(i.gatt_init) for gatt_init
    main.o(i.main) refers to ble_dfu_unbonded.o(i.ble_dfu_buttonless_async_svci_init) for ble_dfu_buttonless_async_svci_init
    main.o(i.main) refers to memseta.o(.text) for __aeabi_memclr4
    main.o(i.main) refers to epd_service.o(i.ble_epd_init) for ble_epd_init
    main.o(i.main) refers to ble_dfu.o(i.ble_dfu_buttonless_init) for ble_dfu_buttonless_init
    main.o(i.main) refers to ble_advertising.o(i.ble_advertising_init) for ble_advertising_init
    main.o(i.main) refers to ble_advertising.o(i.ble_advertising_conn_cfg_tag_set) for ble_advertising_conn_cfg_tag_set
[...]
    ble_dfu_buttonless_backend_init          0x0001eb01   Thumb Code    14  ble_dfu_unbonded.o(i.ble_dfu_buttonless_backend_init)
    ble_dfu_buttonless_bootloader_start_finalize 0x0001eb15   Thumb Code    40  ble_dfu.o(i.ble_dfu_buttonless_bootloader_start_finalize)
    ble_dfu_buttonless_bootloader_start_prepare 0x0001eb41   Thumb Code    20  ble_dfu_unbonded.o(i.ble_dfu_buttonless_bootloader_start_prepare)
    ble_dfu_buttonless_char_add              0x0001eb59   Thumb Code    80  ble_dfu_unbonded.o(i.ble_dfu_buttonless_char_add)
    ble_dfu_buttonless_init                  0x0001eba9   Thumb Code    98  ble_dfu.o(i.ble_dfu_buttonless_init)
    ble_dfu_buttonless_on_ble_evt            0x0001ec19   Thumb Code   124  ble_dfu.o(i.ble_dfu_buttonless_on_ble_evt)
    ble_dfu_buttonless_on_ctrl_pt_write      0x0001ec99   Thumb Code   174  ble_dfu_unbonded.o(i.ble_dfu_buttonless_on_ctrl_pt_write)
    ble_dfu_buttonless_on_sys_evt            0x0001ed51   Thumb Code    88  ble_dfu_unbonded.o(i.ble_dfu_buttonless_on_sys_evt)
    ble_dfu_buttonless_resp_send             0x0001edb1   Thumb Code    78  ble_dfu.o(i.ble_dfu_buttonless_resp_send)
    ble_epd_evt_handler                      0x0001ee51   Thumb Code    20  epd_service.o(i.ble_epd_evt_handler)
    ble_epd_init                             0x0001ee65   Thumb Code   188  epd_service.o(i.ble_epd_init)
    ble_epd_on_ble_evt                       0x0001ef2d   Thumb Code   168  epd_service.o(i.ble_epd_on_ble_evt)
    ble_epd_on_timer                         0x0001efd9   Thumb Code    62  epd_service.o(i.ble_epd_on_timer)
    ble_epd_sleep_prepare                    0x0001f021   Thumb Code    34  epd_service.o(i.ble_epd_sleep_prepare)
    ble_epd_string_send                      0x0001f043   Thumb Code    74  epd_service.o(i.ble_epd_string_send)
    ble_srv_is_indication_enabled            0x0001f18d   Thumb Code     8  ble_srv_common.o(i.ble_srv_is_indication_enabled)
    ble_srv_is_notification_enabled          0x0001f195   Thumb Code     8  ble_srv_common.o(i.ble_srv_is_notification_enabled)
    characteristic_add                       0x0001f229   Thumb Code   400  ble_srv_common.o(i.characteristic_add)
    day_of_week_get                          0x0001f5ad   Thumb Code    66  lunar.o(i.day_of_week_get)
    drv_rtc_compare_disable                  0x0001f681   Thumb Code    20  drv_rtc.o(i.drv_rtc_compare_disable)
    drv_rtc_compare_pending                  0x0001f695   Thumb Code    14  drv_rtc.o(i.drv_rtc_compare_pending)
    drv_rtc_compare_set                      0x0001f6a3   Thumb Code    80  drv_rtc.o(i.drv_rtc_compare_set)
    drv_rtc_counter_get                      0x0001f6f3   Thumb Code     8  drv_rtc.o(i.drv_rtc_counter_get)
    drv_rtc_init                             0x0001f6fd   Thumb Code   118  drv_rtc.o(i.drv_rtc_init)
    drv_rtc_irq_trigger                      0x0001f779   Thumb Code    30  drv_rtc.o(i.drv_rtc_irq_trigger)
    drv_rtc_overflow_enable                  0x0001f797   Thumb Code     8  drv_rtc.o(i.drv_rtc_overflow_enable)
    drv_rtc_overflow_pending                 0x0001f79f   Thumb Code     8  drv_rtc.o(i.drv_rtc_overflow_pending)
    drv_rtc_start                            0x0001f7a7   Thumb Code     8  drv_rtc.o(i.drv_rtc_start)
    drv_rtc_stop                             0x0001f7af   Thumb Code     8  drv_rtc.o(i.drv_rtc_stop)
    drv_rtc_windowed_compare_set             0x0001f7b7   Thumb Code   222  drv_rtc.o(i.drv_rtc_windowed_compare_set)
    epd_config_clear                         0x0001f897   Thumb Code    34  epd_config.o(i.epd_config_clear)
    epd_config_empty                         0x0001f8b9   Thumb Code    24  epd_config.o(i.epd_config_empty)
    epd_config_init                          0x0001f8d1   Thumb Code    30  epd_config.o(i.epd_config_init)
    epd_config_read                          0x0001f8f5   Thumb Code    76  epd_config.o(i.epd_config_read)
    epd_config_write                         0x0001f941   Thumb Code    80  epd_config.o(i.epd_config_write)
    epd_init                                 0x00020131   Thumb Code    48  epd_driver.o(i.epd_init)
    fds_gc                                   0x000204e1   Thumb Code    56  fds.o(i.fds_gc)
    fds_init                                 0x00020521   Thumb Code   214  fds.o(i.fds_init)
    fds_record_close                         0x0002060d   Thumb Code    66  fds.o(i.fds_record_close)
    fds_record_delete                        0x00020655   Thumb Code    64  fds.o(i.fds_record_delete)
    fds_record_find                          0x00020699   Thumb Code    14  fds.o(i.fds_record_find)
    fds_record_open                          0x000206a9   Thumb Code    70  fds.o(i.fds_record_open)
    fds_record_update                        0x000206f5   Thumb Code    16  fds.o(i.fds_record_update)
    fds_record_write                         0x00020705   Thumb Code     8  fds.o(i.fds_record_write)
    fds_register                             0x0002070d   Thumb Code    38  fds.o(i.fds_register)
    free                                     0x00020765   Thumb Code    76  malloc.o(i.free)
    gatt_evt_handler                         0x0002084d   Thumb Code    30  main.o(i.gatt_evt_handler)
    gatt_init                                0x00020875   Thumb Code    38  main.o(i.gatt_init)
    get_first_day_week                       0x00020aa1   Thumb Code    12  lunar.o(i.get_first_day_week)
    get_last_day                             0x00020aad   Thumb Code    50  lunar.o(i.get_last_day)
    gpiote_evt_handler                       0x00020b19   Thumb Code    30  main.o(i.gpiote_evt_handler)
    is_leap                                  0x00020cd5   Thumb Code    38  lunar.o(i.is_leap)
    main                                     0x00020d19   Thumb Code   410  main.o(i.main)
    malloc                                   0x00020ee1   Thumb Code    92  malloc.o(i.malloc)
    nrf_atfifo_clear                         0x00021057   Thumb Code    16  nrf_atfifo.o(i.nrf_atfifo_clear)
    nrf_atfifo_init                          0x00021067   Thumb Code    38  nrf_atfifo.o(i.nrf_atfifo_init)
    nrf_atfifo_item_alloc                    0x0002108d   Thumb Code    22  nrf_atfifo.o(i.nrf_atfifo_item_alloc)
    nrf_atfifo_item_free                     0x000210a3   Thumb Code    22  nrf_atfifo.o(i.nrf_atfifo_item_free)
    nrf_atfifo_item_get                      0x000210b9   Thumb Code    22  nrf_atfifo.o(i.nrf_atfifo_item_get)
    nrf_atfifo_item_put                      0x000210cf   Thumb Code    22  nrf_atfifo.o(i.nrf_atfifo_item_put)
    nrf_atomic_flag_set_fetch                0x000210e5   Thumb Code     6  nrf_atomic.o(i.nrf_atomic_flag_set_fetch)
    nrf_atomic_u32_add                       0x000210eb   Thumb Code    12  nrf_atomic.o(i.nrf_atomic_u32_add)
    nrf_atomic_u32_fetch_add                 0x000210f7   Thumb Code    10  nrf_atomic.o(i.nrf_atomic_u32_fetch_add)
    nrf_atomic_u32_fetch_or                  0x00021101   Thumb Code    10  nrf_atomic.o(i.nrf_atomic_u32_fetch_or)
    nrf_atomic_u32_fetch_store               0x0002110b   Thumb Code    10  nrf_atomic.o(i.nrf_atomic_u32_fetch_store)
    nrf_atomic_u32_sub                       0x00021115   Thumb Code    12  nrf_atomic.o(i.nrf_atomic_u32_sub)
    nrf_ble_gatt_att_mtu_periph_set          0x00021131   Thumb Code    24  nrf_ble_gatt.o(i.nrf_ble_gatt_att_mtu_periph_set)
    nrf_ble_gatt_init                        0x00021149   Thumb Code    34  nrf_ble_gatt.o(i.nrf_ble_gatt_init)
    nrf_ble_gatt_on_ble_evt                  0x0002116d   Thumb Code   264  nrf_ble_gatt.o(i.nrf_ble_gatt_on_ble_evt)
    nrf_dfu_svci_vector_table_set            0x000212f9   Thumb Code    28  nrf_dfu_svci.o(i.nrf_dfu_svci_vector_table_set)
    nrf_dfu_svci_vector_table_unset          0x00021315   Thumb Code     6  nrf_dfu_svci.o(i.nrf_dfu_svci_vector_table_unset)
    nrf_drv_clock_init                       0x00021321   Thumb Code    56  nrf_drv_clock.o(i.nrf_drv_clock_init)
    nrf_drv_clock_lfclk_release              0x00021361   Thumb Code    48  nrf_drv_clock.o(i.nrf_drv_clock_lfclk_release)
    nrf_drv_spi_init                         0x00021395   Thumb Code    30  nrf_drv_spi.o(i.nrf_drv_spi_init)
    nrf_fstorage_erase                       0x000213d3   Thumb Code    78  nrf_fstorage.o(i.nrf_fstorage_erase)
    nrf_fstorage_init                        0x00021421   Thumb Code    16  nrf_fstorage.o(i.nrf_fstorage_init)
    nrf_fstorage_sdh_req_handler             0x00021431   Thumb Code    18  nrf_fstorage_sd.o(i.nrf_fstorage_sdh_req_handler)
    nrf_fstorage_sdh_state_handler           0x00021449   Thumb Code    28  nrf_fstorage_sd.o(i.nrf_fstorage_sdh_state_handler)
    nrf_fstorage_sys_evt_handler             0x00021469   Thumb Code   154  nrf_fstorage_sd.o(i.nrf_fstorage_sys_evt_handler)
    nrf_fstorage_write                       0x0002150d   Thumb Code   102  nrf_fstorage.o(i.nrf_fstorage_write)
    nrf_pwr_mgmt_init                        0x000216e1   Thumb Code    28  nrf_pwr_mgmt.o(i.nrf_pwr_mgmt_init)
    nrf_pwr_mgmt_run                         0x00021709   Thumb Code    20  nrf_pwr_mgmt.o(i.nrf_pwr_mgmt_run)
    nrf_pwr_mgmt_shutdown                    0x0002171d   Thumb Code    66  nrf_pwr_mgmt.o(i.nrf_pwr_mgmt_shutdown)
    nrf_sdh_ble_app_ram_start_get            0x00021775   Thumb Code    16  nrf_sdh_ble.o(i.nrf_sdh_ble_app_ram_start_get)
    nrf_sdh_ble_default_cfg_set              0x00021789   Thumb Code   150  nrf_sdh_ble.o(i.nrf_sdh_ble_default_cfg_set)
    nrf_sdh_ble_enable                       0x00021821   Thumb Code    14  nrf_sdh_ble.o(i.nrf_sdh_ble_enable)
    nrf_sdh_disable_request                  0x00021895   Thumb Code    80  nrf_sdh.o(i.nrf_sdh_disable_request)
    nrf_sdh_enable_request                   0x000218e9   Thumb Code   102  nrf_sdh.o(i.nrf_sdh_enable_request)
    nrf_sdh_evts_poll                        0x0002195d   Thumb Code    32  nrf_sdh.o(i.nrf_sdh_evts_poll)
    nrf_sdh_is_enabled                       0x00021981   Thumb Code     6  nrf_sdh.o(i.nrf_sdh_is_enabled)
    nrf_sdh_request_continue                 0x0002198d   Thumb Code    22  nrf_sdh.o(i.nrf_sdh_request_continue)
    nrf_section_iter_init                    0x000219e5   Thumb Code    10  nrf_section_iter.o(i.nrf_section_iter_init)
    nrf_section_iter_next                    0x00021a13   Thumb Code    32  nrf_section_iter.o(i.nrf_section_iter_next)
    nrf_sortlist_add                         0x00021a33   Thumb Code    34  nrf_sortlist.o(i.nrf_sortlist_add)
    nrf_sortlist_peek                        0x00021a55   Thumb Code     6  nrf_sortlist.o(i.nrf_sortlist_peek)
    nrf_sortlist_pop                         0x00021a5b   Thumb Code    14  nrf_sortlist.o(i.nrf_sortlist_pop)
    nrf_sortlist_remove                      0x00021a69   Thumb Code    30  nrf_sortlist.o(i.nrf_sortlist_remove)
    nrfx_clock_enable                        0x00021a99   Thumb Code    34  nrfx_clock.o(i.nrfx_clock_enable)
    nrfx_clock_init                          0x00021ac5   Thumb Code    22  nrfx_clock.o(i.nrfx_clock_init)
    nrfx_clock_lfclk_stop                    0x00021ae1   Thumb Code    38  nrfx_clock.o(i.nrfx_clock_lfclk_stop)
    nrfx_gpiote_in_event_disable             0x00021b21   Thumb Code    66  nrfx_gpiote.o(i.nrfx_gpiote_in_event_disable)
    nrfx_gpiote_in_event_enable              0x00021b69   Thumb Code   152  nrfx_gpiote.o(i.nrfx_gpiote_in_event_enable)
    nrfx_gpiote_in_init                      0x00021c09   Thumb Code   190  nrfx_gpiote.o(i.nrfx_gpiote_in_init)
    nrfx_gpiote_in_uninit                    0x00021cd5   Thumb Code    88  nrfx_gpiote.o(i.nrfx_gpiote_in_uninit)
    nrfx_gpiote_init                         0x00021d35   Thumb Code   102  nrfx_gpiote.o(i.nrfx_gpiote_init)
    nrfx_gpiote_out_uninit                   0x00021da9   Thumb Code    78  nrfx_gpiote.o(i.nrfx_gpiote_out_uninit)
    nrfx_gpiote_uninit                       0x00021e01   Thumb Code    58  nrfx_gpiote.o(i.nrfx_gpiote_uninit)
    nrfx_spi_init                            0x00021e41   Thumb Code   376  nrfx_spi.o(i.nrfx_spi_init)
    nrfx_spi_uninit                          0x00021fbd   Thumb Code   102  nrfx_spi.o(i.nrfx_spi_uninit)
    nrfx_spi_xfer                            0x00022029   Thumb Code    96  nrfx_spi.o(i.nrfx_spi_xfer)
    nrfx_wdt_channel_alloc                   0x0002208d   Thumb Code    60  nrfx_wdt.o(i.nrfx_wdt_channel_alloc)
    nrfx_wdt_channel_feed                    0x000220d1   Thumb Code    14  nrfx_wdt.o(i.nrfx_wdt_channel_feed)
    nrfx_wdt_enable                          0x000220e9   Thumb Code    18  nrfx_wdt.o(i.nrfx_wdt_enable)
    nrfx_wdt_init                            0x00022105   Thumb Code    76  nrfx_wdt.o(i.nrfx_wdt_init)
    nvmc_config                              0x0002215d   Thumb Code    14  system_nrf52.o(i.nvmc_config)
    pinMode                                  0x000224eb   Thumb Code    54  epd_driver.o(i.pinMode)
    set_timestamp                            0x00022cf9   Thumb Code    32  main.o(i.set_timestamp)
    sleep_mode_enter                         0x00022d91   Thumb Code    38  main.o(i.sleep_mode_enter)
    thisMonthMaxDays                         0x00022f35   Thumb Code    28  lunar.o(i.thisMonthMaxDays)
    timestamp                                0x000230a5   Thumb Code     6  main.o(i.timestamp)
    transformTime                            0x00023115   Thumb Code   168  lunar.o(i.transformTime)
    transformTimeStruct                      0x000231c5   Thumb Code   124  lunar.o(i.transformTimeStruct)
    u8g2_DrawGlyph                           0x00023245   Thumb Code    32  u8g2_font.o(i.u8g2_DrawGlyph)
    u8g2_GetGlyphWidth                       0x00023265   Thumb Code    56  u8g2_font.o(i.u8g2_GetGlyphWidth)
    u8g2_SetBackgroundColor                  0x0002329d   Thumb Code     4  u8g2_font.o(i.u8g2_SetBackgroundColor)
    u8g2_SetFont                             0x000232a1   Thumb Code    22  u8g2_font.o(i.u8g2_SetFont)
    u8g2_SetFontMode                         0x000232b7   Thumb Code     4  u8g2_font.o(i.u8g2_SetFontMode)
    u8g2_SetForegroundColor                  0x000232bb   Thumb Code     4  u8g2_font.o(i.u8g2_SetForegroundColor)
    u8g2_font_get_glyph_data                 0x00023477   Thumb Code   108  u8g2_font.o(i.u8g2_font_get_glyph_data)
    u8g2_read_font_info                      0x00023519   Thumb Code   106  u8g2_font.o(i.u8g2_read_font_info)
    wdt_event_handler                        0x0002378b   Thumb Code     2  main.o(i.wdt_event_handler)
    epd_uc8179_750_bwr                       0x000246d0   Data          12  uc8179.o(.constdata)
    epd_uc8179_750_Partial_bwr               0x000246dc   Data          12  uc8179.o(.constdata)
    Lunar_MonthString                        0x000248d0   Data          91  lunar.o(.constdata)
    Lunar_MonthLeapString                    0x0002492b   Data           8  lunar.o(.constdata)
    Lunar_DateString                         0x00024933   Data         217  lunar.o(.constdata)
    Lunar_DayString                          0x00024a0c   Data          28  lunar.o(.constdata)
    Lunar_ZodiacString                       0x00024a28   Data          48  lunar.o(.constdata)
    Lunar_StemStrig                          0x00024a58   Data          40  lunar.o(.constdata)
    Lunar_BranchStrig                        0x00024a80   Data          48  lunar.o(.constdata)
    lunar_month_days                         0x00024ab0   Data          28  lunar.o(.constdata)
    solar_1_1                                0x00024acc   Data          28  lunar.o(.constdata)
    MonthDayMax                              0x00024b12   Data          12  lunar.o(.constdata)
    JieQiStr                                 0x00024b1e   Data         168  lunar.o(.constdata)
    u8g2_font_wqy9_t_lunar                   0x00024bc6   Data        4315  fonts.o(.constdata)
    u8g2_font_wqy12_t_lunar                  0x00025ca1   Data        4830  fonts.o(.constdata)
    u8g2_font_helvB14_tn                     0x00026f7f   Data         287  fonts.o(.constdata)
    u8g2_font_helvB18_tn                     0x0002709e   Data         389  fonts.o(.constdata)
    nrf_fstorage_sd                          0x000272a0   Data          32  nrf_fstorage_sd.o(.constdata)
    m_ram_start                              0x0002735c   Data           4  nrf_sdh_ble.o(.constdata)
    Region$$Table$$Base                      0x00027388   Number         0  anon$$obj.o(Region$$Table)
    Region$$Table$$Limit                     0x000273a8   Number         0  anon$$obj.o(Region$$Table)
    sdh_ble_observers1$$Base                 0x000273a8   Number         0  main.o(sdh_ble_observers1)
    sdh_ble_observers1$$Limit                0x000273c0   Number         0  ble_conn_params.o(sdh_ble_observers1)
    sdh_ble_observers2$$Base                 0x000273c0   Number         0  main.o(sdh_ble_observers2)
    sdh_ble_observers2$$Limit                0x000273d0   Number         0  ble_dfu.o(sdh_ble_observers2)
    sdh_ble_observers3$$Base                 0x000273d0   Number         0  main.o(sdh_ble_observers3)
    m_req_obs                                0x000273d8   Data           8  nrf_fstorage_sd.o(sdh_req_observers0)
    sdh_ble_observers3$$Limit                0x000273d8   Number         0  main.o(sdh_ble_observers3)
    sdh_req_observers0$$Base                 0x000273d8   Number         0  nrf_fstorage_sd.o(sdh_req_observers0)
    sdh_req_observers0$$Limit                0x000273e0   Number         0  nrf_fstorage_sd.o(sdh_req_observers0)
    sdh_soc_observers0$$Base                 0x000273e0   Number         0  nrf_drv_clock.o(sdh_soc_observers0)
    sdh_soc_observers0$$Limit                0x000273f0   Number         0  nrf_fstorage_sd.o(sdh_soc_observers0)
    sdh_soc_observers1$$Base                 0x000273f0   Number         0  ble_dfu_unbonded.o(sdh_soc_observers1)
    sdh_soc_observers1$$Limit                0x000273f8   Number         0  ble_dfu_unbonded.o(sdh_soc_observers1)
    sdh_stack_observers0$$Base               0x000273f8   Number         0  nrf_sdh_ble.o(sdh_stack_observers0)
    sdh_stack_observers0$$Limit              0x00027408   Number         0  nrf_sdh_soc.o(sdh_stack_observers0)
    sdh_state_observers0$$Base               0x00027408   Number         0  main.o(sdh_state_observers0)
    sdh_state_observers0$$Limit              0x00027420   Number         0  nrf_fstorage_sd.o(sdh_state_observers0)
    Image$$RW_IRAM1$$Base                    0x200022d8   Number         0  anon$$obj.o ABSOLUTE
    SEC_PER_YR                               0x200023b4   Data           8  lunar.o(.data)
    SEC_PER_MT                               0x200023bc   Data          96  lunar.o(.data)
    map                                      0x2000241c   Data          12  lunar.o(.data)
    mp_dfu                                   0x20002464   Data           4  ble_dfu_unbonded.o(.data)
    SystemCoreClock                          0x2000250c   Data           4  system_nrf52.o(.data)
    __microlib_freelist                      0x20002510   Data           4  mvars.o(.data)
    __microlib_freelist_initialised          0x20002514   Data           4  mvars.o(.data)
    fs_data$$Base                            0x20002518   Number         0  fds.o(fs_data)
    m_fs                                     0x20002518   Data          20  fds.o(fs_data)
    fs_data$$Limit                           0x2000252c   Number         0  fds.o(fs_data)
    nrf_nvic_state                           0x20003118   Data          12  app_util_platform.o(.bss)
    __heap_base                              0x200032b8   Data           0  arm_startup_nrf52811.o(HEAP)
    __heap_limit                             0x200052b8   Data           0  arm_startup_nrf52811.o(HEAP)
    __initial_sp                             0x20005ab8   Data           0  arm_startup_nrf52811.o(STACK)



==============================================================================

Memory Map of the image

  Image Entry point : 0x00019201

  Load Region LR_IROM1 (Base: 0x00019000, Size: 0x0000e674, Max: 0x00017000, ABSOLUTE, COMPRESSED[0x0000e4d0])

    Execution Region ER_IROM1 (Exec base: 0x00019000, Load base: 0x00019000, Size: 0x0000e420, Max: 0x00017000, ABSOLUTE)

    Exec Addr    Load Addr    Size         Type   Attr      Idx    E Section Name        Object

    0x00019000   0x00019000   0x00000200   Data   RO         6320    RESET               arm_startup_nrf52811.o
    0x00019200   0x00019200   0x00000000   Code   RO         6401  * .ARM.Collect$$$$00000000  mc_w.l(entry.o)
    0x00019200   0x00019200   0x00000004   Code   RO         6726    .ARM.Collect$$$$00000001  mc_w.l(entry2.o)
    0x00019204   0x00019204   0x00000004   Code   RO         6729    .ARM.Collect$$$$00000004  mc_w.l(entry5.o)
    0x00019208   0x00019208   0x00000000   Code   RO         6731    .ARM.Collect$$$$00000008  mc_w.l(entry7b.o)
    0x00019208   0x00019208   0x00000000   Code   RO         6733    .ARM.Collect$$$$0000000A  mc_w.l(entry8b.o)
    0x00019208   0x00019208   0x00000008   Code   RO         6734    .ARM.Collect$$$$0000000B  mc_w.l(entry9a.o)
    0x00019210   0x00019210   0x00000000   Code   RO         6736    .ARM.Collect$$$$0000000D  mc_w.l(entry10a.o)
    0x00019210   0x00019210   0x00000000   Code   RO         6738    .ARM.Collect$$$$0000000F  mc_w.l(entry11a.o)
    0x00019210   0x00019210   0x00000004   Code   RO         6727    .ARM.Collect$$$$00002712  mc_w.l(entry2.o)
    0x00019214   0x00019214   0x000000c8   Code   RO         4680    .emb_text           nrf_atfifo.o
    0x000192dc   0x000192dc   0x000000e2   Code   RO         4825    .emb_text           nrf_atomic.o
    0x000193be   0x000193be   0x00000002   PAD
    0x000193c0   0x000193c0   0x00000024   Code   RO         6321    .text               arm_startup_nrf52811.o
    0x000193e4   0x000193e4   0x00000062   Code   RO         6409    .text               mc_w.l(uldiv.o)
    0x00019446   0x00019446   0x00000024   Code   RO         6411    .text               mc_w.l(memcpya.o)
    0x0001946a   0x0001946a   0x00000024   Code   RO         6413    .text               mc_w.l(memseta.o)
    0x0001948e   0x0001948e   0x00000018   Code   RO         6415    .text               mc_w.l(strcat.o)
    0x000194a6   0x000194a6   0x0000000e   Code   RO         6417    .text               mc_w.l(strlen.o)
    0x000194b4   0x000194b4   0x00000012   Code   RO         6423    .text               mc_w.l(strcpy.o)
    0x000194c6   0x000194c6   0x0000014e   Code   RO         6716    .text               mf_w.l(dadd.o)
    0x00019614   0x00019614   0x000000e4   Code   RO         6718    .text               mf_w.l(dmul.o)
    0x000196f8   0x000196f8   0x00000022   Code   RO         6720    .text               mf_w.l(dflti.o)
    0x0001971a   0x0001971a   0x0000001a   Code   RO         6722    .text               mf_w.l(dfltui.o)
    0x00019734   0x00019734   0x0000003e   Code   RO         6724    .text               mf_w.l(dfixi.o)
    0x00019772   0x00019772   0x0000002c   Code   RO         6741    .text               mc_w.l(uidiv.o)
    0x0001979e   0x0001979e   0x0000001e   Code   RO         6743    .text               mc_w.l(llshl.o)
    0x000197bc   0x000197bc   0x00000020   Code   RO         6745    .text               mc_w.l(llushr.o)
    0x000197dc   0x000197dc   0x00000024   Code   RO         6747    .text               mc_w.l(llsshr.o)
    0x00019800   0x00019800   0x00000000   Code   RO         6751    .text               mc_w.l(iusefp.o)
    0x00019800   0x00019800   0x000000ba   Code   RO         6753    .text               mf_w.l(depilogue.o)
    0x000198ba   0x000198ba   0x000000de   Code   RO         6755    .text               mf_w.l(ddiv.o)
    0x00019998   0x00019998   0x00000030   Code   RO         6757    .text               mf_w.l(dfixul.o)
    0x000199c8   0x000199c8   0x00000030   Code   RO         6759    .text               mf_w.l(cdrcmple.o)
    0x000199f8   0x000199f8   0x00000024   Code   RO         6761    .text               mc_w.l(init.o)
    0x00019a1c   0x00019a1c   0x00000056   Code   RO         6771    .text               mc_w.l(__dczerorl2.o)
    0x00019a72   0x00019a72   0x00000002   PAD
    0x00019a74   0x00019a74   0x000001f8   Code   RO         1388    i.Draw7Number       gui.o
    0x00019c6c   0x00019c6c   0x00000104   Code   RO         1389    i.DrawBattery       gui.o
    0x00019d70   0x00019d70   0x000005b0   Code   RO         1390    i.DrawCalendar_Right  gui.o
    0x0001a320   0x0001a320   0x00000470   Code   RO         1391    i.DrawClock         gui.o
    0x0001a790   0x0001a790   0x00000350   Code   RO         1392    i.DrawClock_Left    gui.o
    0x0001aae0   0x0001aae0   0x00000204   Code   RO         1393    i.DrawDateHeader    gui.o
    0x0001ace4   0x0001ace4   0x00000190   Code   RO         1394    i.DrawGUI           gui.o
    0x0001ae74   0x0001ae74   0x0000009c   Code   RO         1395    i.DrawGUI_ClockOnly  gui.o
    0x0001af10   0x0001af10   0x00000400   Code   RO         1396    i.DrawMonthDays     gui.o
    0x0001b310   0x0001b310   0x00000100   Code   RO         1397    i.DrawTime          gui.o
    0x0001b410   0x0001b410   0x00000114   Code   RO         1398    i.DrawTimeSyncTip   gui.o
    0x0001b524   0x0001b524   0x00000114   Code   RO         1399    i.DrawWeekHeader    gui.o
    0x0001b638   0x0001b638   0x0000003a   Code   RO          587    i.EPD_FillRAM       epd_driver.o
    0x0001b672   0x0001b672   0x00000002   PAD
    0x0001b674   0x0001b674   0x000000ac   Code   RO          588    i.EPD_GPIO_Init     epd_driver.o
    0x0001b720   0x0001b720   0x00000030   Code   RO          589    i.EPD_GPIO_Load     epd_driver.o
    0x0001b750   0x0001b750   0x00000094   Code   RO          590    i.EPD_GPIO_Uninit   epd_driver.o
    0x0001b7e4   0x0001b7e4   0x00000018   Code   RO          591    i.EPD_IsLowBattery  epd_driver.o
    0x0001b7fc   0x0001b7fc   0x00000040   Code   RO          592    i.EPD_LED_BLINK     epd_driver.o
    0x0001b83c   0x0001b83c   0x00000014   Code   RO          593    i.EPD_LED_OFF       epd_driver.o
    0x0001b850   0x0001b850   0x00000014   Code   RO          594    i.EPD_LED_ON        epd_driver.o
    0x0001b864   0x0001b864   0x00000020   Code   RO          595    i.EPD_ReadByte      epd_driver.o
    0x0001b884   0x0001b884   0x00000094   Code   RO          597    i.EPD_ReadVoltage   epd_driver.o
    0x0001b918   0x0001b918   0x00000010   Code   RO          598    i.EPD_ReadVoltageAndCache  epd_driver.o
    0x0001b928   0x0001b928   0x00000040   Code   RO          599    i.EPD_Reset         epd_driver.o
    0x0001b968   0x0001b968   0x00000060   Code   RO          600    i.EPD_SPI_Read      epd_driver.o
    0x0001b9c8   0x0001b9c8   0x00000060   Code   RO          601    i.EPD_SPI_Write     epd_driver.o
    0x0001ba28   0x0001ba28   0x00000038   Code   RO          602    i.EPD_WaitBusy      epd_driver.o
    0x0001ba60   0x0001ba60   0x0000001c   Code   RO          603    i.EPD_WriteByte     epd_driver.o
    0x0001ba7c   0x0001ba7c   0x0000001c   Code   RO          604    i.EPD_WriteCmd      epd_driver.o
    0x0001ba98   0x0001ba98   0x00000020   Code   RO          605    i.EPD_WriteData     epd_driver.o
    0x0001bab8   0x0001bab8   0x00000074   Code   RO         1767    i.GFX_begin         adafruit_gfx.o
    0x0001bb2c   0x0001bb2c   0x0000004e   Code   RO         1768    i.GFX_begin_3c      adafruit_gfx.o
    0x0001bb7a   0x0001bb7a   0x0000003c   Code   RO         1769    i.GFX_begin_4c      adafruit_gfx.o
    0x0001bbb6   0x0001bbb6   0x00000110   Code   RO         1771    i.GFX_drawCircle    adafruit_gfx.o
    0x0001bcc6   0x0001bcc6   0x000000f6   Code   RO         1772    i.GFX_drawCircleHelper  adafruit_gfx.o
    0x0001bdbc   0x0001bdbc   0x000000e6   Code   RO         1773    i.GFX_drawDottedLine  adafruit_gfx.o
    0x0001bea2   0x0001bea2   0x00000014   Code   RO         1774    i.GFX_drawFastHLine  adafruit_gfx.o
    0x0001beb6   0x0001beb6   0x00000016   Code   RO         1775    i.GFX_drawFastVLine  adafruit_gfx.o
    0x0001becc   0x0001becc   0x000000a6   Code   RO         1777    i.GFX_drawLine      adafruit_gfx.o
    0x0001bf72   0x0001bf72   0x0000016e   Code   RO         1778    i.GFX_drawPixel     adafruit_gfx.o
    0x0001c0e0   0x0001c0e0   0x0000004e   Code   RO         1779    i.GFX_drawRect      adafruit_gfx.o
    0x0001c12e   0x0001c12e   0x000000e8   Code   RO         1780    i.GFX_drawRoundRect  adafruit_gfx.o
    0x0001c216   0x0001c216   0x0000000c   Code   RO         1784    i.GFX_end           adafruit_gfx.o
    0x0001c222   0x0001c222   0x0000003c   Code   RO         1785    i.GFX_fillCircle    adafruit_gfx.o
    0x0001c25e   0x0001c25e   0x000000f4   Code   RO         1786    i.GFX_fillCircleHelper  adafruit_gfx.o
    0x0001c352   0x0001c352   0x0000002c   Code   RO         1787    i.GFX_fillRect      adafruit_gfx.o
    0x0001c37e   0x0001c37e   0x0000006c   Code   RO         1789    i.GFX_fillScreen    adafruit_gfx.o
    0x0001c3ea   0x0001c3ea   0x00000014   Code   RO         1791    i.GFX_firstPage     adafruit_gfx.o
    0x0001c3fe   0x0001c3fe   0x00000006   Code   RO         1792    i.GFX_getFontAscent  adafruit_gfx.o
    0x0001c404   0x0001c404   0x0000000c   Code   RO         1794    i.GFX_getFontHeight  adafruit_gfx.o
    0x0001c410   0x0001c410   0x0000005a   Code   RO         1795    i.GFX_getUTF8Width  adafruit_gfx.o
    0x0001c46a   0x0001c46a   0x0000005e   Code   RO         1796    i.GFX_getUTF8Widthf  adafruit_gfx.o
    0x0001c4c8   0x0001c4c8   0x000000c8   Code   RO         1797    i.GFX_nextPage      adafruit_gfx.o
    0x0001c590   0x0001c590   0x0000007c   Code   RO         1798    i.GFX_print         adafruit_gfx.o
    0x0001c60c   0x0001c60c   0x00000060   Code   RO         1799    i.GFX_printf        adafruit_gfx.o
    0x0001c66c   0x0001c66c   0x0000000c   Code   RO         1800    i.GFX_setCursor     adafruit_gfx.o
    0x0001c678   0x0001c678   0x00000006   Code   RO         1801    i.GFX_setFont       adafruit_gfx.o
    0x0001c67e   0x0001c67e   0x00000006   Code   RO         1803    i.GFX_setFontMode   adafruit_gfx.o
    0x0001c684   0x0001c684   0x00000018   Code   RO         1805    i.GFX_setTextColor  adafruit_gfx.o
    0x0001c69c   0x0001c69c   0x000000c0   Code   RO         1806    i.GFX_setWindow     adafruit_gfx.o
    0x0001c75c   0x0001c75c   0x0000003c   Code   RO         1807    i.GFX_u8g2_draw_hv_line  adafruit_gfx.o
    0x0001c798   0x0001c798   0x00000028   Code   RO         1808    i.GFX_write         adafruit_gfx.o
    0x0001c7c0   0x0001c7c0   0x000000a4   Code   RO         3256    i.GPIOTE_IRQHandler  nrfx_gpiote.o
    0x0001c864   0x0001c864   0x00000198   Code   RO         1400    i.GetFestival       gui.o
    0x0001c9fc   0x0001c9fc   0x0000003c   Code   RO         1401    i.GetHoliday        gui.o
    0x0001ca38   0x0001ca38   0x0000007c   Code   RO         1503    i.GetJieQi          lunar.o
    0x0001cab4   0x0001cab4   0x000000b8   Code   RO         1504    i.GetJieQiStr       lunar.o
    0x0001cb6c   0x0001cb6c   0x000000d8   Code   RO         1402    i.GetTimeRefreshArea  gui.o
    0x0001cc44   0x0001cc44   0x00000010   Code   RO         1403    i.GetTimeRefreshOrigin  gui.o
    0x0001cc54   0x0001cc54   0x000000b8   Code   RO         1404    i.GetWeekOfYear     gui.o
    0x0001cd0c   0x0001cd0c   0x0000000e   Code   RO         1505    i.LUNAR_GetBranch   lunar.o
    0x0001cd1a   0x0001cd1a   0x0000000e   Code   RO         1506    i.LUNAR_GetStem     lunar.o
    0x0001cd28   0x0001cd28   0x0000000e   Code   RO         1507    i.LUNAR_GetZodiac   lunar.o
    0x0001cd36   0x0001cd36   0x00000002   PAD
    0x0001cd38   0x0001cd38   0x000000f4   Code   RO         1508    i.LUNAR_SolarToLunar  lunar.o
    0x0001ce2c   0x0001ce2c   0x00000050   Code   RO         3120    i.POWER_CLOCK_IRQHandler  nrfx_clock.o
    0x0001ce7c   0x0001ce7c   0x00000010   Code   RO         4163    i.RTC1_IRQHandler   drv_rtc.o
    0x0001ce8c   0x0001ce8c   0x00000044   Code   RO         3576    i.SPIM0_SPIS0_SPI0_IRQHandler  nrfx_spi.o
    0x0001ced0   0x0001ced0   0x00000004   Code   RO         6120    i.SWI2_IRQHandler   nrf_sdh.o
    0x0001ced4   0x0001ced4   0x00000050   Code   RO         1509    i.SolarToInt        lunar.o
    0x0001cf24   0x0001cf24   0x000001ec   Code   RO         6329    i.SystemInit        system_nrf52.o
    0x0001d110   0x0001d110   0x00000034   Code   RO         1186    i.UC8179_Clear      uc8179.o
    0x0001d144   0x0001d144   0x0000006a   Code   RO         1187    i.UC8179_Clear_Partial  uc8179.o
    0x0001d1ae   0x0001d1ae   0x00000002   PAD
    0x0001d1b0   0x0001d1b0   0x0000004c   Code   RO         1189    i.UC8179_Init       uc8179.o
    0x0001d1fc   0x0001d1fc   0x000000b0   Code   RO         1190    i.UC8179_Init_Partial  uc8179.o
    0x0001d2ac   0x0001d2ac   0x00000012   Code   RO         1191    i.UC8179_PowerOff   uc8179.o
    0x0001d2be   0x0001d2be   0x00000012   Code   RO         1192    i.UC8179_PowerOn    uc8179.o
    0x0001d2d0   0x0001d2d0   0x00000016   Code   RO         1193    i.UC8179_Read_Temp  uc8179.o
    0x0001d2e6   0x0001d2e6   0x00000034   Code   RO         1194    i.UC8179_Refresh    uc8179.o
    0x0001d31a   0x0001d31a   0x00000002   PAD
    0x0001d31c   0x0001d31c   0x000001ac   Code   RO         1195    i.UC8179_Refresh_Partial  uc8179.o
    0x0001d4c8   0x0001d4c8   0x0000006c   Code   RO         1196    i.UC8179_Select_LUT  uc8179.o
    0x0001d534   0x0001d534   0x00000028   Code   RO         1197    i.UC8179_Sleep      uc8179.o
    0x0001d55c   0x0001d55c   0x00000008   Code   RO         1198    i.UC8179_WaitBusy   uc8179.o
    0x0001d564   0x0001d564   0x000000ea   Code   RO         1199    i.UC8179_Write_Image  uc8179.o
    0x0001d64e   0x0001d64e   0x000000cc   Code   RO         1200    i.UC8179_Write_Image_Partial  uc8179.o
    0x0001d71a   0x0001d71a   0x00000002   PAD
    0x0001d71c   0x0001d71c   0x00000040   Code   RO         1201    i.UC8179_Write_Ram  uc8179.o
    0x0001d75c   0x0001d75c   0x00000024   Code   RO         3690    i.WDT_IRQHandler    nrfx_wdt.o
    0x0001d780   0x0001d780   0x00000030   Code   RO         6661    i.__0snprintf       mc_w.l(printfa.o)
    0x0001d7b0   0x0001d7b0   0x0000002c   Code   RO         6665    i.__0vsnprintf      mc_w.l(printfa.o)
    0x0001d7dc   0x0001d7dc   0x00000024   Code   RO         6330    i.__NVIC_SystemReset  system_nrf52.o
    0x0001d800   0x0001d800   0x0000000e   Code   RO         6765    i.__scatterload_copy  mc_w.l(handlers.o)
    0x0001d80e   0x0001d80e   0x00000002   Code   RO         6766    i.__scatterload_null  mc_w.l(handlers.o)
    0x0001d810   0x0001d810   0x0000000e   Code   RO         6767    i.__scatterload_zeroinit  mc_w.l(handlers.o)
    0x0001d81e   0x0001d81e   0x00000002   PAD
    0x0001d820   0x0001d820   0x00000024   Code   RO         6121    i.__sd_nvic_app_accessible_irq  nrf_sdh.o
    0x0001d844   0x0001d844   0x00000184   Code   RO         6667    i._fp_digits        mc_w.l(printfa.o)
    0x0001d9c8   0x0001d9c8   0x000006dc   Code   RO         6668    i._printf_core      mc_w.l(printfa.o)
    0x0001e0a4   0x0001e0a4   0x00000024   Code   RO         6669    i._printf_post_padding  mc_w.l(printfa.o)
    0x0001e0c8   0x0001e0c8   0x0000002e   Code   RO         6670    i._printf_pre_padding  mc_w.l(printfa.o)
    0x0001e0f6   0x0001e0f6   0x00000054   Code   RO         1203    i._setPartialRamArea  uc8179.o
    0x0001e14a   0x0001e14a   0x00000016   Code   RO         6671    i._snputc           mc_w.l(printfa.o)
    0x0001e160   0x0001e160   0x0000000c   Code   RO         5113    i.addr_is_aligned32  nrf_fstorage.o
    0x0001e16c   0x0001e16c   0x00000018   Code   RO         5114    i.addr_is_within_bounds  nrf_fstorage.o
    0x0001e184   0x0001e184   0x00000008   Code   RO         2186    i.adv_set_data_size_max_get  ble_advertising.o
    0x0001e18c   0x0001e18c   0x0000001c   Code   RO            4    i.advertising_start  main.o
    0x0001e1a8   0x0001e1a8   0x00000030   Code   RO         3818    i.app_error_fault_handler  app_error_weak.o
    0x0001e1d8   0x0001e1d8   0x00000016   Code   RO         3758    i.app_error_handler_bare  app_error.o
    0x0001e1ee   0x0001e1ee   0x00000002   PAD
    0x0001e1f0   0x0001e1f0   0x00000020   Code   RO            5    i.app_feed_wdt      main.o
    0x0001e210   0x0001e210   0x000000a0   Code   RO         3879    i.app_sched_event_put  app_scheduler.o
    0x0001e2b0   0x0001e2b0   0x00000040   Code   RO         3880    i.app_sched_execute  app_scheduler.o
    0x0001e2f0   0x0001e2f0   0x0000002c   Code   RO         3881    i.app_sched_init    app_scheduler.o
    0x0001e31c   0x0001e31c   0x0000000c   Code   RO         3931    i.app_timer_cnt_get  app_timer2.o
    0x0001e328   0x0001e328   0x00000020   Code   RO         3932    i.app_timer_create  app_timer2.o
    0x0001e348   0x0001e348   0x0000005c   Code   RO         3933    i.app_timer_init    app_timer2.o
    0x0001e3a4   0x0001e3a4   0x00000054   Code   RO         3936    i.app_timer_start   app_timer2.o
    0x0001e3f8   0x0001e3f8   0x00000044   Code   RO         3937    i.app_timer_stop    app_timer2.o
    0x0001e43c   0x0001e43c   0x00000048   Code   RO         4095    i.app_util_critical_region_enter  app_util_platform.o
    0x0001e484   0x0001e484   0x00000034   Code   RO         4096    i.app_util_critical_region_exit  app_util_platform.o
    0x0001e4b8   0x0001e4b8   0x00000182   Code   RO         2043    i.ble_advdata_encode  ble_advdata.o
    0x0001e63a   0x0001e63a   0x00000020   Code   RO         2045    i.ble_advdata_parse  ble_advdata.o
    0x0001e65a   0x0001e65a   0x00000046   Code   RO         2046    i.ble_advdata_search  ble_advdata.o
    0x0001e6a0   0x0001e6a0   0x00000006   Code   RO         2188    i.ble_advertising_conn_cfg_tag_set  ble_advertising.o
    0x0001e6a6   0x0001e6a6   0x000000f8   Code   RO         2189    i.ble_advertising_init  ble_advertising.o
    0x0001e79e   0x0001e79e   0x00000008   Code   RO         2190    i.ble_advertising_modes_config_set  ble_advertising.o
    0x0001e7a6   0x0001e7a6   0x0000006a   Code   RO         2191    i.ble_advertising_on_ble_evt  ble_advertising.o
    0x0001e810   0x0001e810   0x00000202   Code   RO         2194    i.ble_advertising_start  ble_advertising.o
    0x0001ea12   0x0001ea12   0x00000002   PAD
    0x0001ea14   0x0001ea14   0x00000068   Code   RO         2319    i.ble_conn_params_init  ble_conn_params.o
    0x0001ea7c   0x0001ea7c   0x00000060   Code   RO         2049    i.ble_device_addr_encode  ble_advdata.o
    0x0001eadc   0x0001eadc   0x00000024   Code   RO         2656    i.ble_dfu_buttonless_async_svci_init  ble_dfu_unbonded.o
    0x0001eb00   0x0001eb00   0x00000014   Code   RO         2657    i.ble_dfu_buttonless_backend_init  ble_dfu_unbonded.o
    0x0001eb14   0x0001eb14   0x0000002c   Code   RO         2532    i.ble_dfu_buttonless_bootloader_start_finalize  ble_dfu.o
    0x0001eb40   0x0001eb40   0x00000018   Code   RO         2658    i.ble_dfu_buttonless_bootloader_start_prepare  ble_dfu_unbonded.o
    0x0001eb58   0x0001eb58   0x00000050   Code   RO         2659    i.ble_dfu_buttonless_char_add  ble_dfu_unbonded.o
    0x0001eba8   0x0001eba8   0x00000070   Code   RO         2533    i.ble_dfu_buttonless_init  ble_dfu.o
    0x0001ec18   0x0001ec18   0x00000080   Code   RO         2534    i.ble_dfu_buttonless_on_ble_evt  ble_dfu.o
    0x0001ec98   0x0001ec98   0x000000b8   Code   RO         2660    i.ble_dfu_buttonless_on_ctrl_pt_write  ble_dfu_unbonded.o
    0x0001ed50   0x0001ed50   0x00000060   Code   RO         2661    i.ble_dfu_buttonless_on_sys_evt  ble_dfu_unbonded.o
    0x0001edb0   0x0001edb0   0x00000054   Code   RO         2535    i.ble_dfu_buttonless_resp_send  ble_dfu.o
    0x0001ee04   0x0001ee04   0x0000004c   Code   RO            7    i.ble_dfu_evt_handler  main.o
    0x0001ee50   0x0001ee50   0x00000014   Code   RO          838    i.ble_epd_evt_handler  epd_service.o
    0x0001ee64   0x0001ee64   0x000000c8   Code   RO          839    i.ble_epd_init      epd_service.o
    0x0001ef2c   0x0001ef2c   0x000000ac   Code   RO          840    i.ble_epd_on_ble_evt  epd_service.o
    0x0001efd8   0x0001efd8   0x00000048   Code   RO          841    i.ble_epd_on_timer  epd_service.o
    0x0001f020   0x0001f020   0x00000022   Code   RO          842    i.ble_epd_sleep_prepare  epd_service.o
    0x0001f042   0x0001f042   0x0000004a   Code   RO          843    i.ble_epd_string_send  epd_service.o
    0x0001f08c   0x0001f08c   0x00000004   Code   RO            8    i.ble_evt_handler   main.o
    0x0001f090   0x0001f090   0x000000fc   Code   RO         2321    i.ble_evt_handler   ble_conn_params.o
    0x0001f18c   0x0001f18c   0x00000008   Code   RO         2410    i.ble_srv_is_indication_enabled  ble_srv_common.o
    0x0001f194   0x0001f194   0x00000008   Code   RO         2411    i.ble_srv_is_notification_enabled  ble_srv_common.o
    0x0001f19c   0x0001f19c   0x00000018   Code   RO            9    i.buttonless_dfu_sdh_state_observer  main.o
    0x0001f1b4   0x0001f1b4   0x0000001c   Code   RO         3257    i.channel_free      nrfx_gpiote.o
    0x0001f1d0   0x0001f1d0   0x00000048   Code   RO         3258    i.channel_port_alloc  nrfx_gpiote.o
    0x0001f218   0x0001f218   0x00000010   Code   RO         3259    i.channel_port_get  nrfx_gpiote.o
    0x0001f228   0x0001f228   0x00000190   Code   RO         2413    i.characteristic_add  ble_srv_common.o
    0x0001f3b8   0x0001f3b8   0x00000028   Code   RO         2769    i.clock_clk_started_notify  nrf_drv_clock.o
    0x0001f3e0   0x0001f3e0   0x0000001c   Code   RO         2770    i.clock_irq_handler  nrf_drv_clock.o
    0x0001f3fc   0x0001f3fc   0x00000030   Code   RO           10    i.clock_timer_timeout_handler  main.o
    0x0001f42c   0x0001f42c   0x00000094   Code   RO         1809    i.color4            adafruit_gfx.o
    0x0001f4c0   0x0001f4c0   0x00000018   Code   RO         3939    i.compare_func      app_timer2.o
    0x0001f4d8   0x0001f4d8   0x00000088   Code   RO         2050    i.conn_int_encode   ble_advdata.o
    0x0001f560   0x0001f560   0x00000004   Code   RO           11    i.conn_params_error_handler  main.o
    0x0001f564   0x0001f564   0x00000048   Code   RO         2322    i.conn_params_negotiation  ble_conn_params.o
    0x0001f5ac   0x0001f5ac   0x00000048   Code   RO         1510    i.day_of_week_get   lunar.o
    0x0001f5f4   0x0001f5f4   0x0000008c   Code   RO         4331    i.delete_execute    fds.o
    0x0001f680   0x0001f680   0x00000014   Code   RO         4164    i.drv_rtc_compare_disable  drv_rtc.o
    0x0001f694   0x0001f694   0x0000000e   Code   RO         4167    i.drv_rtc_compare_pending  drv_rtc.o
    0x0001f6a2   0x0001f6a2   0x00000050   Code   RO         4168    i.drv_rtc_compare_set  drv_rtc.o
    0x0001f6f2   0x0001f6f2   0x00000008   Code   RO         4169    i.drv_rtc_counter_get  drv_rtc.o
    0x0001f6fa   0x0001f6fa   0x00000002   PAD
    0x0001f6fc   0x0001f6fc   0x0000007c   Code   RO         4170    i.drv_rtc_init      drv_rtc.o
    0x0001f778   0x0001f778   0x0000001e   Code   RO         4171    i.drv_rtc_irq_trigger  drv_rtc.o
    0x0001f796   0x0001f796   0x00000008   Code   RO         4173    i.drv_rtc_overflow_enable  drv_rtc.o
    0x0001f79e   0x0001f79e   0x00000008   Code   RO         4174    i.drv_rtc_overflow_pending  drv_rtc.o
    0x0001f7a6   0x0001f7a6   0x00000008   Code   RO         4175    i.drv_rtc_start     drv_rtc.o
    0x0001f7ae   0x0001f7ae   0x00000008   Code   RO         4176    i.drv_rtc_stop      drv_rtc.o
    0x0001f7b6   0x0001f7b6   0x000000de   Code   RO         4181    i.drv_rtc_windowed_compare_set  drv_rtc.o
    0x0001f894   0x0001f894   0x00000002   Code   RO         2536    i.dummy_evt_handler  ble_dfu.o
    0x0001f896   0x0001f896   0x00000022   Code   RO          452    i.epd_config_clear  epd_config.o
    0x0001f8b8   0x0001f8b8   0x00000018   Code   RO          453    i.epd_config_empty  epd_config.o
    0x0001f8d0   0x0001f8d0   0x00000024   Code   RO          454    i.epd_config_init   epd_config.o
    0x0001f8f4   0x0001f8f4   0x0000004c   Code   RO          455    i.epd_config_read   epd_config.o
    0x0001f940   0x0001f940   0x00000054   Code   RO          456    i.epd_config_write  epd_config.o
    0x0001f994   0x0001f994   0x00000520   Code   RO          844    i.epd_execute_command  epd_service.o
    0x0001feb4   0x0001feb4   0x0000027c   Code   RO          845    i.epd_gui_update    epd_service.o
    0x00020130   0x00020130   0x00000034   Code   RO          606    i.epd_init          epd_driver.o
    0x00020164   0x00020164   0x00000080   Code   RO          846    i.epd_process_next_command  epd_service.o
    0x000201e4   0x000201e4   0x000000c8   Code   RO          847    i.epd_service_init  epd_service.o
    0x000202ac   0x000202ac   0x0000008c   Code   RO          848    i.epd_service_on_write  epd_service.o
    0x00020338   0x00020338   0x0000002c   Code   RO          849    i.epd_switch_from_clock_mode  epd_service.o
    0x00020364   0x00020364   0x00000020   Code   RO          850    i.epd_update_display_mode  epd_service.o
    0x00020384   0x00020384   0x0000004c   Code   RO         5202    i.erase             nrf_fstorage_sd.o
    0x000203d0   0x000203d0   0x00000074   Code   RO         4332    i.event_prepare     fds.o
    0x00020444   0x00020444   0x00000020   Code   RO         4333    i.event_send        fds.o
    0x00020464   0x00020464   0x00000054   Code   RO         5203    i.event_send        nrf_fstorage_sd.o
    0x000204b8   0x000204b8   0x00000012   Code   RO         4182    i.evt_enable        drv_rtc.o
    0x000204ca   0x000204ca   0x00000014   Code   RO         4183    i.evt_pending       drv_rtc.o
    0x000204de   0x000204de   0x00000002   Code   RO          457    i.fds_evt_handler   epd_config.o
    0x000204e0   0x000204e0   0x00000040   Code   RO         4336    i.fds_gc            fds.o
    0x00020520   0x00020520   0x000000ec   Code   RO         4337    i.fds_init          fds.o
    0x0002060c   0x0002060c   0x00000048   Code   RO         4338    i.fds_record_close  fds.o
    0x00020654   0x00020654   0x00000044   Code   RO         4339    i.fds_record_delete  fds.o
    0x00020698   0x00020698   0x0000000e   Code   RO         4340    i.fds_record_find   fds.o
    0x000206a6   0x000206a6   0x00000002   PAD
    0x000206a8   0x000206a8   0x0000004c   Code   RO         4345    i.fds_record_open   fds.o
    0x000206f4   0x000206f4   0x00000010   Code   RO         4346    i.fds_record_update  fds.o
    0x00020704   0x00020704   0x00000008   Code   RO         4347    i.fds_record_write  fds.o
    0x0002070c   0x0002070c   0x00000030   Code   RO         4349    i.fds_register      fds.o
    0x0002073c   0x0002073c   0x00000028   Code   RO         2196    i.flags_set         ble_advertising.o
    0x00020764   0x00020764   0x00000050   Code   RO         6688    i.free              mc_w.l(malloc.o)
    0x000207b4   0x000207b4   0x00000006   Code   RO         4353    i.fs_event_handler  fds.o
    0x000207ba   0x000207ba   0x00000002   PAD
    0x000207bc   0x000207bc   0x00000090   Code   RO           12    i.gap_params_init   main.o
    0x0002084c   0x0002084c   0x00000028   Code   RO           13    i.gatt_evt_handler  main.o
    0x00020874   0x00020874   0x00000030   Code   RO           14    i.gatt_init         main.o
    0x000208a4   0x000208a4   0x00000078   Code   RO         4354    i.gc_execute        fds.o
    0x0002091c   0x0002091c   0x0000004c   Code   RO         4355    i.gc_next_page      fds.o
    0x00020968   0x00020968   0x00000040   Code   RO         4356    i.gc_page_erase     fds.o
    0x000209a8   0x000209a8   0x00000034   Code   RO         4357    i.gc_record_copy    fds.o
    0x000209dc   0x000209dc   0x00000024   Code   RO         4358    i.gc_record_find_next  fds.o
    0x00020a00   0x00020a00   0x00000070   Code   RO         4359    i.gc_state_advance  fds.o
    0x00020a70   0x00020a70   0x00000030   Code   RO         4360    i.gc_swap_pages     fds.o
    0x00020aa0   0x00020aa0   0x0000000c   Code   RO         1511    i.get_first_day_week  lunar.o
    0x00020aac   0x00020aac   0x00000038   Code   RO         1512    i.get_last_day      lunar.o
    0x00020ae4   0x00020ae4   0x00000034   Code   RO         3940    i.get_now           app_timer2.o
    0x00020b18   0x00020b18   0x0000001e   Code   RO           15    i.gpiote_evt_handler  main.o
    0x00020b36   0x00020b36   0x0000002c   Code   RO         4361    i.header_check      fds.o
    0x00020b62   0x00020b62   0x00000012   Code   RO         4362    i.header_has_next   fds.o
    0x00020b74   0x00020b74   0x00000034   Code   RO         5204    i.init              nrf_fstorage_sd.o
    0x00020ba8   0x00020ba8   0x000000c4   Code   RO         4363    i.init_execute      fds.o
    0x00020c6c   0x00020c6c   0x00000014   Code   RO         2323    i.instance_get      ble_conn_params.o
    0x00020c80   0x00020c80   0x00000010   Code   RO         5205    i.is_busy           nrf_fstorage_sd.o
    0x00020c90   0x00020c90   0x00000044   Code   RO         2324    i.is_conn_params_ok  ble_conn_params.o
    0x00020cd4   0x00020cd4   0x00000026   Code   RO         1513    i.is_leap           lunar.o
    0x00020cfa   0x00020cfa   0x0000000c   Code   RO         4364    i.is_word_aligned   fds.o
    0x00020d06   0x00020d06   0x00000010   Code   RO         2468    i.link_init         nrf_ble_gatt.o
    0x00020d16   0x00020d16   0x00000002   PAD
    0x00020d18   0x00020d18   0x000001c8   Code   RO           16    i.main              main.o
    0x00020ee0   0x00020ee0   0x0000006c   Code   RO         6689    i.malloc            mc_w.l(malloc.o)
    0x00020f4c   0x00020f4c   0x00000064   Code   RO         2051    i.manuf_specific_data_encode  ble_advdata.o
    0x00020fb0   0x00020fb0   0x000000a6   Code   RO         2052    i.name_encode       ble_advdata.o
    0x00021056   0x00021056   0x00000010   Code   RO         4682    i.nrf_atfifo_clear  nrf_atfifo.o
    0x00021066   0x00021066   0x00000026   Code   RO         4684    i.nrf_atfifo_init   nrf_atfifo.o
    0x0002108c   0x0002108c   0x00000016   Code   RO         4685    i.nrf_atfifo_item_alloc  nrf_atfifo.o
    0x000210a2   0x000210a2   0x00000016   Code   RO         4686    i.nrf_atfifo_item_free  nrf_atfifo.o
    0x000210b8   0x000210b8   0x00000016   Code   RO         4687    i.nrf_atfifo_item_get  nrf_atfifo.o
    0x000210ce   0x000210ce   0x00000016   Code   RO         4688    i.nrf_atfifo_item_put  nrf_atfifo.o
    0x000210e4   0x000210e4   0x00000006   Code   RO         4829    i.nrf_atomic_flag_set_fetch  nrf_atomic.o
    0x000210ea   0x000210ea   0x0000000c   Code   RO         4830    i.nrf_atomic_u32_add  nrf_atomic.o
    0x000210f6   0x000210f6   0x0000000a   Code   RO         4833    i.nrf_atomic_u32_fetch_add  nrf_atomic.o
    0x00021100   0x00021100   0x0000000a   Code   RO         4835    i.nrf_atomic_u32_fetch_or  nrf_atomic.o
    0x0002110a   0x0002110a   0x0000000a   Code   RO         4836    i.nrf_atomic_u32_fetch_store  nrf_atomic.o
    0x00021114   0x00021114   0x0000000c   Code   RO         4842    i.nrf_atomic_u32_sub  nrf_atomic.o
    0x00021120   0x00021120   0x00000010   Code   RO         3260    i.nrf_bitmask_bit_is_set  nrfx_gpiote.o
    0x00021130   0x00021130   0x00000018   Code   RO         2470    i.nrf_ble_gatt_att_mtu_periph_set  nrf_ble_gatt.o
    0x00021148   0x00021148   0x00000022   Code   RO         2472    i.nrf_ble_gatt_init  nrf_ble_gatt.o
    0x0002116a   0x0002116a   0x00000002   PAD
    0x0002116c   0x0002116c   0x0000010c   Code   RO         2473    i.nrf_ble_gatt_on_ble_evt  nrf_ble_gatt.o
    0x00021278   0x00021278   0x0000000e   Code   RO         3121    i.nrf_clock_event_check  nrfx_clock.o
    0x00021286   0x00021286   0x00000010   Code   RO         3122    i.nrf_clock_event_clear  nrfx_clock.o
    0x00021296   0x00021296   0x00000002   PAD
    0x00021298   0x00021298   0x00000020   Code   RO          607    i.nrf_delay_ms      epd_driver.o
    0x000212b8   0x000212b8   0x00000020   Code   RO          851    i.nrf_delay_ms      epd_service.o
    0x000212d8   0x000212d8   0x00000020   Code   RO         1204    i.nrf_delay_ms      uc8179.o
    0x000212f8   0x000212f8   0x0000001c   Code   RO         5001    i.nrf_dfu_svci_vector_table_set  nrf_dfu_svci.o
    0x00021314   0x00021314   0x0000000c   Code   RO         5002    i.nrf_dfu_svci_vector_table_unset  nrf_dfu_svci.o
    0x00021320   0x00021320   0x00000040   Code   RO         2777    i.nrf_drv_clock_init  nrf_drv_clock.o
    0x00021360   0x00021360   0x00000034   Code   RO         2781    i.nrf_drv_clock_lfclk_release  nrf_drv_clock.o
    0x00021394   0x00021394   0x00000028   Code   RO         2935    i.nrf_drv_spi_init  nrf_drv_spi.o
    0x000213bc   0x000213bc   0x00000016   Code   RO          608    i.nrf_drv_spi_transfer  epd_driver.o
    0x000213d2   0x000213d2   0x0000004e   Code   RO         5115    i.nrf_fstorage_erase  nrf_fstorage.o
    0x00021420   0x00021420   0x00000010   Code   RO         5116    i.nrf_fstorage_init  nrf_fstorage.o
    0x00021430   0x00021430   0x00000018   Code   RO         5206    i.nrf_fstorage_sdh_req_handler  nrf_fstorage_sd.o
    0x00021448   0x00021448   0x00000020   Code   RO         5207    i.nrf_fstorage_sdh_state_handler  nrf_fstorage_sd.o
    0x00021468   0x00021468   0x000000a4   Code   RO         5208    i.nrf_fstorage_sys_evt_handler  nrf_fstorage_sd.o
    0x0002150c   0x0002150c   0x00000066   Code   RO         5122    i.nrf_fstorage_write  nrf_fstorage.o
    0x00021572   0x00021572   0x00000024   Code   RO          609    i.nrf_gpio_cfg      epd_driver.o
    0x00021596   0x00021596   0x00000024   Code   RO         3261    i.nrf_gpio_cfg      nrfx_gpiote.o
    0x000215ba   0x000215ba   0x00000024   Code   RO         3577    i.nrf_gpio_cfg      nrfx_spi.o
    0x000215de   0x000215de   0x00000012   Code   RO         3262    i.nrf_gpio_cfg_default  nrfx_gpiote.o
    0x000215f0   0x000215f0   0x00000012   Code   RO          610    i.nrf_gpio_cfg_input  epd_driver.o
    0x00021602   0x00021602   0x00000014   Code   RO          611    i.nrf_gpio_cfg_output  epd_driver.o
    0x00021616   0x00021616   0x00000014   Code   RO         3578    i.nrf_gpio_cfg_output  nrfx_spi.o
    0x0002162a   0x0002162a   0x00000022   Code   RO         3263    i.nrf_gpio_cfg_sense_set  nrfx_gpiote.o
    0x0002164c   0x0002164c   0x0000002c   Code   RO         3264    i.nrf_gpio_latches_read_and_clear  nrfx_gpiote.o
    0x00021678   0x00021678   0x0000001e   Code   RO         3265    i.nrf_gpio_pin_present_check  nrfx_gpiote.o
    0x00021696   0x00021696   0x0000000e   Code   RO         3579    i.nrf_gpio_pin_set  nrfx_spi.o
    0x000216a4   0x000216a4   0x00000016   Code   RO          612    i.nrf_gpio_pin_write  epd_driver.o
    0x000216ba   0x000216ba   0x00000002   PAD
    0x000216bc   0x000216bc   0x00000014   Code   RO         3266    i.nrf_gpiote_event_clear  nrfx_gpiote.o
    0x000216d0   0x000216d0   0x00000010   Code   RO         3267    i.nrf_gpiote_event_is_set  nrfx_gpiote.o
    0x000216e0   0x000216e0   0x00000028   Code   RO         5390    i.nrf_pwr_mgmt_init  nrf_pwr_mgmt.o
    0x00021708   0x00021708   0x00000014   Code   RO         5391    i.nrf_pwr_mgmt_run  nrf_pwr_mgmt.o
    0x0002171c   0x0002171c   0x0000004c   Code   RO         5392    i.nrf_pwr_mgmt_shutdown  nrf_pwr_mgmt.o
    0x00021768   0x00021768   0x0000000c   Code   RO         4184    i.nrf_rtc_event_clear  drv_rtc.o
    0x00021774   0x00021774   0x00000014   Code   RO         6238    i.nrf_sdh_ble_app_ram_start_get  nrf_sdh_ble.o
    0x00021788   0x00021788   0x00000096   Code   RO         6239    i.nrf_sdh_ble_default_cfg_set  nrf_sdh_ble.o
    0x0002181e   0x0002181e   0x00000002   PAD
    0x00021820   0x00021820   0x00000014   Code   RO         6240    i.nrf_sdh_ble_enable  nrf_sdh_ble.o
    0x00021834   0x00021834   0x00000060   Code   RO         6241    i.nrf_sdh_ble_evts_poll  nrf_sdh_ble.o
    0x00021894   0x00021894   0x00000054   Code   RO         6122    i.nrf_sdh_disable_request  nrf_sdh.o
    0x000218e8   0x000218e8   0x00000074   Code   RO         6123    i.nrf_sdh_enable_request  nrf_sdh.o
    0x0002195c   0x0002195c   0x00000024   Code   RO         6124    i.nrf_sdh_evts_poll  nrf_sdh.o
    0x00021980   0x00021980   0x0000000c   Code   RO         6125    i.nrf_sdh_is_enabled  nrf_sdh.o
    0x0002198c   0x0002198c   0x0000001c   Code   RO         6127    i.nrf_sdh_request_continue  nrf_sdh.o
    0x000219a8   0x000219a8   0x0000003c   Code   RO         6289    i.nrf_sdh_soc_evts_poll  nrf_sdh_soc.o
    0x000219e4   0x000219e4   0x0000000a   Code   RO         5534    i.nrf_section_iter_init  nrf_section_iter.o
    0x000219ee   0x000219ee   0x00000024   Code   RO         5535    i.nrf_section_iter_item_set  nrf_section_iter.o
    0x00021a12   0x00021a12   0x00000020   Code   RO         5536    i.nrf_section_iter_next  nrf_section_iter.o
    0x00021a32   0x00021a32   0x00000022   Code   RO         5569    i.nrf_sortlist_add  nrf_sortlist.o
    0x00021a54   0x00021a54   0x00000006   Code   RO         5571    i.nrf_sortlist_peek  nrf_sortlist.o
    0x00021a5a   0x00021a5a   0x0000000e   Code   RO         5572    i.nrf_sortlist_pop  nrf_sortlist.o
    0x00021a68   0x00021a68   0x0000001e   Code   RO         5573    i.nrf_sortlist_remove  nrf_sortlist.o
    0x00021a86   0x00021a86   0x00000002   PAD
    0x00021a88   0x00021a88   0x00000010   Code   RO         2784    i.nrf_wdt_started   nrf_drv_clock.o
    0x00021a98   0x00021a98   0x0000002c   Code   RO         3127    i.nrfx_clock_enable  nrfx_clock.o
    0x00021ac4   0x00021ac4   0x0000001c   Code   RO         3130    i.nrfx_clock_init   nrfx_clock.o
    0x00021ae0   0x00021ae0   0x00000030   Code   RO         3133    i.nrfx_clock_lfclk_stop  nrfx_clock.o
    0x00021b10   0x00021b10   0x00000010   Code   RO         4185    i.nrfx_coredep_delay_us  drv_rtc.o
    0x00021b20   0x00021b20   0x00000048   Code   RO         3272    i.nrfx_gpiote_in_event_disable  nrfx_gpiote.o
    0x00021b68   0x00021b68   0x000000a0   Code   RO         3273    i.nrfx_gpiote_in_event_enable  nrfx_gpiote.o
    0x00021c08   0x00021c08   0x000000cc   Code   RO         3275    i.nrfx_gpiote_in_init  nrfx_gpiote.o
    0x00021cd4   0x00021cd4   0x00000060   Code   RO         3277    i.nrfx_gpiote_in_uninit  nrfx_gpiote.o
    0x00021d34   0x00021d34   0x00000074   Code   RO         3278    i.nrfx_gpiote_init  nrfx_gpiote.o
    0x00021da8   0x00021da8   0x00000058   Code   RO         3290    i.nrfx_gpiote_out_uninit  nrfx_gpiote.o
    0x00021e00   0x00021e00   0x00000040   Code   RO         3294    i.nrfx_gpiote_uninit  nrfx_gpiote.o
    0x00021e40   0x00021e40   0x0000017c   Code   RO         3581    i.nrfx_spi_init     nrfx_spi.o
    0x00021fbc   0x00021fbc   0x0000006c   Code   RO         3582    i.nrfx_spi_uninit   nrfx_spi.o
    0x00022028   0x00022028   0x00000064   Code   RO         3583    i.nrfx_spi_xfer     nrfx_spi.o
    0x0002208c   0x0002208c   0x00000044   Code   RO         3691    i.nrfx_wdt_channel_alloc  nrfx_wdt.o
    0x000220d0   0x000220d0   0x00000018   Code   RO         3692    i.nrfx_wdt_channel_feed  nrfx_wdt.o
    0x000220e8   0x000220e8   0x0000001c   Code   RO         3693    i.nrfx_wdt_enable   nrfx_wdt.o
    0x00022104   0x00022104   0x00000058   Code   RO         3695    i.nrfx_wdt_init     nrfx_wdt.o
    0x0002215c   0x0002215c   0x00000018   Code   RO         6331    i.nvmc_config       system_nrf52.o
    0x00022174   0x00022174   0x0000005c   Code   RO           17    i.on_adv_evt        main.o
    0x000221d0   0x000221d0   0x0000007c   Code   RO           18    i.on_ble_evt        main.o
    0x0002224c   0x0002224c   0x00000002   Code   RO           19    i.on_conn_params_evt  main.o
    0x0002224e   0x0002224e   0x00000002   PAD
    0x00022250   0x00022250   0x0000006c   Code   RO         2537    i.on_ctrlpt_write   ble_dfu.o
    0x000222bc   0x000222bc   0x00000024   Code   RO         4365    i.page_identify     fds.o
    0x000222e0   0x000222e0   0x0000001c   Code   RO         4366    i.page_offsets_update  fds.o
    0x000222fc   0x000222fc   0x0000006c   Code   RO         4367    i.page_scan         fds.o
    0x00022368   0x00022368   0x0000001c   Code   RO         4368    i.page_tag_write_data  fds.o
    0x00022384   0x00022384   0x00000024   Code   RO         4369    i.page_tag_write_swap  fds.o
    0x000223a8   0x000223a8   0x00000130   Code   RO         4370    i.pages_init        fds.o
    0x000224d8   0x000224d8   0x00000012   Code   RO         2197    i.phy_is_valid      ble_advertising.o
    0x000224ea   0x000224ea   0x00000036   Code   RO          613    i.pinMode           epd_driver.o
    0x00022520   0x00022520   0x00000014   Code   RO         3295    i.pin_configured_check  nrfx_gpiote.o
    0x00022534   0x00022534   0x0000001c   Code   RO         3296    i.pin_configured_clear  nrfx_gpiote.o
    0x00022550   0x00022550   0x0000001c   Code   RO         3297    i.pin_configured_set  nrfx_gpiote.o
    0x0002256c   0x0002256c   0x00000018   Code   RO         3298    i.pin_in_use_by_port  nrfx_gpiote.o
    0x00022584   0x00022584   0x00000018   Code   RO         3299    i.pin_in_use_by_te  nrfx_gpiote.o
    0x0002259c   0x0002259c   0x000000b4   Code   RO         3300    i.port_event_handle  nrfx_gpiote.o
    0x00022650   0x00022650   0x00000010   Code   RO         3301    i.port_handler_polarity_get  nrfx_gpiote.o
    0x00022660   0x00022660   0x0000001c   Code   RO         4371    i.queue_buf_get     fds.o
    0x0002267c   0x0002267c   0x00000010   Code   RO         4372    i.queue_buf_store   fds.o
    0x0002268c   0x0002268c   0x00000014   Code   RO         5209    i.queue_free        nrf_fstorage_sd.o
    0x000226a0   0x000226a0   0x000000a4   Code   RO         4373    i.queue_process     fds.o
    0x00022744   0x00022744   0x000000a0   Code   RO         5210    i.queue_process     nrf_fstorage_sd.o
    0x000227e4   0x000227e4   0x0000001c   Code   RO         4374    i.queue_start       fds.o
    0x00022800   0x00022800   0x00000024   Code   RO         5211    i.queue_start       nrf_fstorage_sd.o
    0x00022824   0x00022824   0x0000000e   Code   RO         5212    i.read              nrf_fstorage_sd.o
    0x00022832   0x00022832   0x00000002   PAD
    0x00022834   0x00022834   0x0000008c   Code   RO         4375    i.record_find       fds.o
    0x000228c0   0x000228c0   0x000000a0   Code   RO         4376    i.record_find_by_desc  fds.o
    0x00022960   0x00022960   0x0000005c   Code   RO         4377    i.record_find_next  fds.o
    0x000229bc   0x000229bc   0x0000003c   Code   RO         4378    i.record_header_flag_dirty  fds.o
    0x000229f8   0x000229f8   0x00000004   Code   RO         5213    i.rmap              nrf_fstorage_sd.o
    0x000229fc   0x000229fc   0x0000005c   Code   RO         3941    i.rtc_irq           app_timer2.o
    0x00022a58   0x00022a58   0x0000006c   Code   RO         3942    i.rtc_schedule      app_timer2.o
    0x00022ac4   0x00022ac4   0x0000008c   Code   RO         3943    i.rtc_update        app_timer2.o
    0x00022b50   0x00022b50   0x00000004   Code   RO          458    i.run_fds_gc        epd_config.o
    0x00022b54   0x00022b54   0x00000004   Code   RO         5393    i.scheduler_shutdown_handler  nrf_pwr_mgmt.o
    0x00022b58   0x00022b58   0x00000058   Code   RO         2785    i.sd_state_evt_handler  nrf_drv_clock.o
    0x00022bb0   0x00022bb0   0x00000030   Code   RO         6130    i.sdh_request_observer_notify  nrf_sdh.o
    0x00022be0   0x00022be0   0x0000002c   Code   RO         6131    i.sdh_state_observer_notify  nrf_sdh.o
    0x00022c0c   0x00022c0c   0x00000024   Code   RO          852    i.send_block_response  epd_service.o
    0x00022c30   0x00022c30   0x00000010   Code   RO         2325    i.send_error_evt    ble_conn_params.o
    0x00022c40   0x00022c40   0x00000088   Code   RO         2053    i.service_data_encode  ble_advdata.o
    0x00022cc8   0x00022cc8   0x00000030   Code   RO         2415    i.set_security_req  ble_srv_common.o
    0x00022cf8   0x00022cf8   0x00000028   Code   RO           20    i.set_timestamp     main.o
    0x00022d20   0x00022d20   0x00000070   Code   RO         5394    i.shutdown_process  nrf_pwr_mgmt.o
    0x00022d90   0x00022d90   0x00000030   Code   RO           21    i.sleep_mode_enter  main.o
    0x00022dc0   0x00022dc0   0x00000018   Code   RO         2786    i.soc_evt_handler   nrf_drv_clock.o
    0x00022dd8   0x00022dd8   0x00000040   Code   RO         6132    i.softdevice_evt_irq_disable  nrf_sdh.o
    0x00022e18   0x00022e18   0x00000058   Code   RO         6133    i.softdevices_evt_irq_enable  nrf_sdh.o
    0x00022e70   0x00022e70   0x0000000c   Code   RO         3944    i.sortlist_pop      app_timer2.o
    0x00022e7c   0x00022e7c   0x00000038   Code   RO         2936    i.spi_evt_handler   nrf_drv_spi.o
    0x00022eb4   0x00022eb4   0x0000007e   Code   RO         3584    i.spi_xfer          nrfx_spi.o
    0x00022f32   0x00022f32   0x00000002   PAD
    0x00022f34   0x00022f34   0x00000020   Code   RO         1514    i.thisMonthMaxDays  lunar.o
    0x00022f54   0x00022f54   0x00000098   Code   RO         3945    i.timer_expire      app_timer2.o
    0x00022fec   0x00022fec   0x00000080   Code   RO         3946    i.timer_req_process  app_timer2.o
    0x0002306c   0x0002306c   0x00000038   Code   RO         3947    i.timer_req_schedule  app_timer2.o
    0x000230a4   0x000230a4   0x0000000c   Code   RO           22    i.timestamp         main.o
    0x000230b0   0x000230b0   0x00000064   Code   RO         3585    i.transfer_byte     nrfx_spi.o
    0x00023114   0x00023114   0x000000b0   Code   RO         1515    i.transformTime     lunar.o
    0x000231c4   0x000231c4   0x00000080   Code   RO         1516    i.transformTimeStruct  lunar.o
    0x00023244   0x00023244   0x00000020   Code   RO         1622    i.u8g2_DrawGlyph    u8g2_font.o
    0x00023264   0x00023264   0x00000038   Code   RO         1629    i.u8g2_GetGlyphWidth  u8g2_font.o
    0x0002329c   0x0002329c   0x00000004   Code   RO         1631    i.u8g2_SetBackgroundColor  u8g2_font.o
    0x000232a0   0x000232a0   0x00000016   Code   RO         1632    i.u8g2_SetFont      u8g2_font.o
    0x000232b6   0x000232b6   0x00000004   Code   RO         1634    i.u8g2_SetFontMode  u8g2_font.o
    0x000232ba   0x000232ba   0x00000004   Code   RO         1635    i.u8g2_SetForegroundColor  u8g2_font.o
    0x000232be   0x000232be   0x0000001c   Code   RO         1636    i.u8g2_add_vector_x  u8g2_font.o
    0x000232da   0x000232da   0x0000001c   Code   RO         1637    i.u8g2_add_vector_y  u8g2_font.o
    0x000232f6   0x000232f6   0x00000014   Code   RO         1638    i.u8g2_font_decode_get_signed_bits  u8g2_font.o
    0x0002330a   0x0002330a   0x00000034   Code   RO         1639    i.u8g2_font_decode_get_unsigned_bits  u8g2_font.o
    0x0002333e   0x0002333e   0x000000a6   Code   RO         1640    i.u8g2_font_decode_glyph  u8g2_font.o
    0x000233e4   0x000233e4   0x00000092   Code   RO         1641    i.u8g2_font_decode_len  u8g2_font.o
    0x00023476   0x00023476   0x0000006c   Code   RO         1642    i.u8g2_font_get_glyph_data  u8g2_font.o
    0x000234e2   0x000234e2   0x00000014   Code   RO         1643    i.u8g2_font_get_word  u8g2_font.o
    0x000234f6   0x000234f6   0x00000022   Code   RO         1644    i.u8g2_font_setup_decode  u8g2_font.o
    0x00023518   0x00023518   0x0000006a   Code   RO         1645    i.u8g2_read_font_info  u8g2_font.o
    0x00023582   0x00023582   0x0000000a   Code   RO         2054    i.uint16_encode     ble_advdata.o
    0x0002358c   0x0002358c   0x00000020   Code   RO         5214    i.uninit            nrf_fstorage_sd.o
    0x000235ac   0x000235ac   0x00000068   Code   RO         2326    i.update_timeout_handler  ble_conn_params.o
    0x00023614   0x00023614   0x00000018   Code   RO         2198    i.use_whitelist     ble_advertising.o
    0x0002362c   0x0002362c   0x00000090   Code   RO         1810    i.utf8_next         adafruit_gfx.o
    0x000236bc   0x000236bc   0x00000030   Code   RO         2055    i.uuid_list_encode  ble_advdata.o
    0x000236ec   0x000236ec   0x0000009e   Code   RO         2056    i.uuid_list_sized_encode  ble_advdata.o
    0x0002378a   0x0002378a   0x00000002   Code   RO           23    i.wdt_event_handler  main.o
    0x0002378c   0x0002378c   0x00000004   Code   RO         5215    i.wmap              nrf_fstorage_sd.o
    0x00023790   0x00023790   0x00000050   Code   RO         5216    i.write             nrf_fstorage_sd.o
    0x000237e0   0x000237e0   0x000000f4   Code   RO         4380    i.write_enqueue     fds.o
    0x000238d4   0x000238d4   0x000000f8   Code   RO         4381    i.write_execute     fds.o
    0x000239cc   0x000239cc   0x00000022   Code   RO          853    i.write_image_partial_with_offset  epd_service.o
    0x000239ee   0x000239ee   0x00000002   PAD
    0x000239f0   0x000239f0   0x00000018   Code   RO         4382    i.write_space_free  fds.o
    0x00023a08   0x00023a08   0x00000060   Code   RO         4383    i.write_space_reserve  fds.o
    0x00023a68   0x00023a68   0x00000008   PAD
    0x00023a70   0x00023a70   0x00000030   Data   RO           25    .constdata          main.o
    0x00023aa0   0x00023aa0   0x00000028   Data   RO          614    .constdata          epd_driver.o
    0x00023ac8   0x00023ac8   0x00000008   PAD
    0x00023ad0   0x00023ad0   0x00000018   Data   RO          854    .constdata          epd_service.o
    0x00023ae8   0x00023ae8   0x0000002a   Data   RO         1205    .constdata          uc8179.o
    0x00023b12   0x00023b12   0x0000002a   Data   RO         1206    .constdata          uc8179.o
    0x00023b3c   0x00023b3c   0x0000002a   Data   RO         1207    .constdata          uc8179.o
    0x00023b66   0x00023b66   0x0000002a   Data   RO         1208    .constdata          uc8179.o
    0x00023b90   0x00023b90   0x0000002a   Data   RO         1209    .constdata          uc8179.o
    0x00023bba   0x00023bba   0x0000002a   Data   RO         1210    .constdata          uc8179.o
    0x00023be4   0x00023be4   0x0000002a   Data   RO         1211    .constdata          uc8179.o
    0x00023c0e   0x00023c0e   0x0000002a   Data   RO         1212    .constdata          uc8179.o
    0x00023c38   0x00023c38   0x0000002a   Data   RO         1213    .constdata          uc8179.o
    0x00023c62   0x00023c62   0x0000002a   Data   RO         1214    .constdata          uc8179.o
    0x00023c8c   0x00023c8c   0x0000002a   Data   RO         1215    .constdata          uc8179.o
    0x00023cb6   0x00023cb6   0x0000002a   Data   RO         1216    .constdata          uc8179.o
    0x00023ce0   0x00023ce0   0x0000002a   Data   RO         1217    .constdata          uc8179.o
    0x00023d0a   0x00023d0a   0x0000002a   Data   RO         1218    .constdata          uc8179.o
    0x00023d34   0x00023d34   0x0000002a   Data   RO         1219    .constdata          uc8179.o
    0x00023d5e   0x00023d5e   0x0000002a   Data   RO         1220    .constdata          uc8179.o
    0x00023d88   0x00023d88   0x0000002a   Data   RO         1221    .constdata          uc8179.o
    0x00023db2   0x00023db2   0x0000002a   Data   RO         1222    .constdata          uc8179.o
    0x00023ddc   0x00023ddc   0x0000002a   Data   RO         1223    .constdata          uc8179.o
    0x00023e06   0x00023e06   0x0000002a   Data   RO         1224    .constdata          uc8179.o
    0x00023e30   0x00023e30   0x0000002a   Data   RO         1225    .constdata          uc8179.o
    0x00023e5a   0x00023e5a   0x0000002a   Data   RO         1226    .constdata          uc8179.o
    0x00023e84   0x00023e84   0x0000002a   Data   RO         1227    .constdata          uc8179.o
    0x00023eae   0x00023eae   0x0000002a   Data   RO         1228    .constdata          uc8179.o
    0x00023ed8   0x00023ed8   0x0000002a   Data   RO         1229    .constdata          uc8179.o
    0x00023f02   0x00023f02   0x0000002a   Data   RO         1230    .constdata          uc8179.o
    0x00023f2c   0x00023f2c   0x0000002a   Data   RO         1231    .constdata          uc8179.o
    0x00023f56   0x00023f56   0x0000002a   Data   RO         1232    .constdata          uc8179.o
    0x00023f80   0x00023f80   0x0000002a   Data   RO         1233    .constdata          uc8179.o
    0x00023faa   0x00023faa   0x0000002a   Data   RO         1234    .constdata          uc8179.o
    0x00023fd4   0x00023fd4   0x0000002a   Data   RO         1235    .constdata          uc8179.o
    0x00023ffe   0x00023ffe   0x0000002a   Data   RO         1236    .constdata          uc8179.o
    0x00024028   0x00024028   0x0000002a   Data   RO         1237    .constdata          uc8179.o
    0x00024052   0x00024052   0x0000002a   Data   RO         1238    .constdata          uc8179.o
    0x0002407c   0x0002407c   0x0000002a   Data   RO         1239    .constdata          uc8179.o
    0x000240a6   0x000240a6   0x0000002a   Data   RO         1240    .constdata          uc8179.o
    0x000240d0   0x000240d0   0x0000002a   Data   RO         1241    .constdata          uc8179.o
    0x000240fa   0x000240fa   0x0000002a   Data   RO         1242    .constdata          uc8179.o
    0x00024124   0x00024124   0x0000002a   Data   RO         1243    .constdata          uc8179.o
    0x0002414e   0x0002414e   0x0000002a   Data   RO         1244    .constdata          uc8179.o
    0x00024178   0x00024178   0x0000002a   Data   RO         1245    .constdata          uc8179.o
    0x000241a2   0x000241a2   0x0000002a   Data   RO         1246    .constdata          uc8179.o
    0x000241cc   0x000241cc   0x0000002a   Data   RO         1247    .constdata          uc8179.o
    0x000241f6   0x000241f6   0x0000002a   Data   RO         1248    .constdata          uc8179.o
    0x00024220   0x00024220   0x0000002a   Data   RO         1249    .constdata          uc8179.o
    0x0002424a   0x0002424a   0x0000002a   Data   RO         1250    .constdata          uc8179.o
    0x00024274   0x00024274   0x0000002a   Data   RO         1251    .constdata          uc8179.o
    0x0002429e   0x0002429e   0x0000002a   Data   RO         1252    .constdata          uc8179.o
    0x000242c8   0x000242c8   0x0000002a   Data   RO         1253    .constdata          uc8179.o
    0x000242f2   0x000242f2   0x0000002a   Data   RO         1254    .constdata          uc8179.o
    0x0002431c   0x0002431c   0x0000002a   Data   RO         1255    .constdata          uc8179.o
    0x00024346   0x00024346   0x0000002a   Data   RO         1256    .constdata          uc8179.o
    0x00024370   0x00024370   0x0000002a   Data   RO         1257    .constdata          uc8179.o
    0x0002439a   0x0002439a   0x0000002a   Data   RO         1258    .constdata          uc8179.o
    0x000243c4   0x000243c4   0x0000002a   Data   RO         1259    .constdata          uc8179.o
    0x000243ee   0x000243ee   0x0000002a   Data   RO         1260    .constdata          uc8179.o
    0x00024418   0x00024418   0x0000002a   Data   RO         1261    .constdata          uc8179.o
    0x00024442   0x00024442   0x0000002a   Data   RO         1262    .constdata          uc8179.o
    0x0002446c   0x0002446c   0x0000002a   Data   RO         1263    .constdata          uc8179.o
    0x00024496   0x00024496   0x0000002a   Data   RO         1264    .constdata          uc8179.o
    0x000244c0   0x000244c0   0x0000002a   Data   RO         1265    .constdata          uc8179.o
    0x000244ea   0x000244ea   0x0000002a   Data   RO         1266    .constdata          uc8179.o
    0x00024514   0x00024514   0x0000002a   Data   RO         1267    .constdata          uc8179.o
    0x0002453e   0x0002453e   0x0000002a   Data   RO         1268    .constdata          uc8179.o
    0x00024568   0x00024568   0x0000002a   Data   RO         1269    .constdata          uc8179.o
    0x00024592   0x00024592   0x0000002a   Data   RO         1270    .constdata          uc8179.o
    0x000245bc   0x000245bc   0x00000004   PAD
    0x000245c0   0x000245c0   0x00000110   Data   RO         1271    .constdata          uc8179.o
    0x000246d0   0x000246d0   0x0000000c   Data   RO         1272    .constdata          uc8179.o
    0x000246dc   0x000246dc   0x0000000c   Data   RO         1273    .constdata          uc8179.o
    0x000246e8   0x000246e8   0x000001e8   Data   RO         1405    .constdata          gui.o
    0x000248d0   0x000248d0   0x0000005b   Data   RO         1517    .constdata          lunar.o
    0x0002492b   0x0002492b   0x00000008   Data   RO         1518    .constdata          lunar.o
    0x00024933   0x00024933   0x000000d9   Data   RO         1519    .constdata          lunar.o
    0x00024a0c   0x00024a0c   0x0000001c   Data   RO         1520    .constdata          lunar.o
    0x00024a28   0x00024a28   0x00000030   Data   RO         1521    .constdata          lunar.o
    0x00024a58   0x00024a58   0x00000028   Data   RO         1522    .constdata          lunar.o
    0x00024a80   0x00024a80   0x00000030   Data   RO         1523    .constdata          lunar.o
    0x00024ab0   0x00024ab0   0x0000006e   Data   RO         1524    .constdata          lunar.o
    0x00024b1e   0x00024b1e   0x000000a8   Data   RO         1525    .constdata          lunar.o
    0x00024bc6   0x00024bc6   0x000010db   Data   RO         1607    .constdata          fonts.o
    0x00025ca1   0x00025ca1   0x000012de   Data   RO         1608    .constdata          fonts.o
    0x00026f7f   0x00026f7f   0x0000011f   Data   RO         1609    .constdata          fonts.o
    0x0002709e   0x0002709e   0x00000185   Data   RO         1610    .constdata          fonts.o
    0x00027223   0x00027223   0x00000001   PAD
    0x00027224   0x00027224   0x0000000e   Data   RO         2474    .constdata          nrf_ble_gatt.o
    0x00027232   0x00027232   0x00000002   PAD
    0x00027234   0x00027234   0x00000018   Data   RO         2539    .constdata          ble_dfu.o
    0x0002724c   0x0002724c   0x00000004   Data   RO         3303    .constdata          nrfx_gpiote.o
    0x00027250   0x00027250   0x00000014   Data   RO         3950    .constdata          app_timer2.o
    0x00027264   0x00027264   0x0000000c   PAD
    0x00027270   0x00027270   0x00000006   Data   RO         4186    .constdata          drv_rtc.o
    0x00027276   0x00027276   0x00000002   PAD
    0x00027278   0x00027278   0x00000018   Data   RO         4386    .constdata          fds.o
    0x00027290   0x00027290   0x00000010   Data   RO         5219    .constdata          nrf_fstorage_sd.o
    0x000272a0   0x000272a0   0x00000020   Data   RO         5220    .constdata          nrf_fstorage_sd.o
    0x000272c0   0x000272c0   0x00000018   Data   RO         5396    .constdata          nrf_pwr_mgmt.o
    0x000272d8   0x000272d8   0x0000000c   Data   RO         5397    .constdata          nrf_pwr_mgmt.o
    0x000272e4   0x000272e4   0x00000010   Data   RO         6134    .constdata          nrf_sdh.o
    0x000272f4   0x000272f4   0x00000028   Data   RO         6135    .constdata          nrf_sdh.o
    0x0002731c   0x0002731c   0x00000010   Data   RO         6136    .constdata          nrf_sdh.o
    0x0002732c   0x0002732c   0x00000010   Data   RO         6137    .constdata          nrf_sdh.o
    0x0002733c   0x0002733c   0x00000020   Data   RO         6242    .constdata          nrf_sdh_ble.o
    0x0002735c   0x0002735c   0x00000010   Data   RO         6243    .constdata          nrf_sdh_ble.o
    0x0002736c   0x0002736c   0x00000010   Data   RO         6290    .constdata          nrf_sdh_soc.o
    0x0002737c   0x0002737c   0x0000000c   Data   RO         6291    .constdata          nrf_sdh_soc.o
    0x00027388   0x00027388   0x00000020   Data   RO         6763    Region$$Table       anon$$obj.o
    0x000273a8   0x000273a8   0x00000010   Data   RO           28    sdh_ble_observers1  main.o
    0x000273b8   0x000273b8   0x00000008   Data   RO         2329    sdh_ble_observers1  ble_conn_params.o
    0x000273c0   0x000273c0   0x00000008   Data   RO           29    sdh_ble_observers2  main.o
    0x000273c8   0x000273c8   0x00000008   Data   RO         2540    sdh_ble_observers2  ble_dfu.o
    0x000273d0   0x000273d0   0x00000008   Data   RO           30    sdh_ble_observers3  main.o
    0x000273d8   0x000273d8   0x00000008   Data   RO         5222    sdh_req_observers0  nrf_fstorage_sd.o
    0x000273e0   0x000273e0   0x00000008   Data   RO         2792    sdh_soc_observers0  nrf_drv_clock.o
    0x000273e8   0x000273e8   0x00000008   Data   RO         5223    sdh_soc_observers0  nrf_fstorage_sd.o
    0x000273f0   0x000273f0   0x00000008   Data   RO         2664    sdh_soc_observers1  ble_dfu_unbonded.o
    0x000273f8   0x000273f8   0x00000008   Data   RO         6245    sdh_stack_observers0  nrf_sdh_ble.o
    0x00027400   0x00027400   0x00000008   Data   RO         6292    sdh_stack_observers0  nrf_sdh_soc.o
    0x00027408   0x00027408   0x00000008   Data   RO           31    sdh_state_observers0  main.o
    0x00027410   0x00027410   0x00000008   Data   RO         2793    sdh_state_observers0  nrf_drv_clock.o
    0x00027418   0x00027418   0x00000008   Data   RO         5224    sdh_state_observers0  nrf_fstorage_sd.o


    Execution Region RW_IRAM1 (Exec base: 0x200022d8, Load base: 0x00027420, Size: 0x000037e0, Max: 0x00003d28, ABSOLUTE, COMPRESSED[0x000000b0])

    Exec Addr    Load Addr    Size         Type   Attr      Idx    E Section Name        Object

    0x200022d8   COMPRESSED   0x00000014   Data   RW           26    .data               main.o
    0x200022ec   COMPRESSED   0x00000004   PAD
    0x200022f0   COMPRESSED   0x00000020   Data   RW           27    .data               main.o
    0x20002310   COMPRESSED   0x00000030   Data   RW          615    .data               epd_driver.o
    0x20002340   COMPRESSED   0x00000008   Data   RW          855    .data               epd_service.o
    0x20002348   COMPRESSED   0x00000030   Data   RW         1274    .data               uc8179.o
    0x20002378   COMPRESSED   0x00000030   Data   RW         1275    .data               uc8179.o
    0x200023a8   COMPRESSED   0x0000000c   Data   RW         1406    .data               gui.o
    0x200023b4   COMPRESSED   0x000000a4   Data   RW         1526    .data               lunar.o
    0x20002458   COMPRESSED   0x00000004   Data   RW         1811    .data               adafruit_gfx.o
    0x2000245c   COMPRESSED   0x00000008   Data   RW         2328    .data               ble_conn_params.o
    0x20002464   COMPRESSED   0x00000004   Data   RW         2663    .data               ble_dfu_unbonded.o
    0x20002468   COMPRESSED   0x00000010   Data   RW         2937    .data               nrf_drv_spi.o
    0x20002478   COMPRESSED   0x00000008   Data   RW         3137    .data               nrfx_clock.o
    0x20002480   COMPRESSED   0x00000008   Data   RW         3698    .data               nrfx_wdt.o
    0x20002488   COMPRESSED   0x00000010   Data   RW         3883    .data               app_scheduler.o
    0x20002498   COMPRESSED   0x00000020   Data   RW         3951    .data               app_timer2.o
    0x200024b8   COMPRESSED   0x00000004   Data   RW         3952    .data               app_timer2.o
    0x200024bc   COMPRESSED   0x0000000c   Data   RW         4187    .data               drv_rtc.o
    0x200024c8   COMPRESSED   0x00000030   Data   RW         4387    .data               fds.o
    0x200024f8   COMPRESSED   0x00000008   Data   RW         5221    .data               nrf_fstorage_sd.o
    0x20002500   COMPRESSED   0x00000008   Data   RW         5398    .data               nrf_pwr_mgmt.o
    0x20002508   COMPRESSED   0x00000003   Data   RW         6138    .data               nrf_sdh.o
    0x2000250b   COMPRESSED   0x00000001   Data   RW         6244    .data               nrf_sdh_ble.o
    0x2000250c   COMPRESSED   0x00000004   Data   RW         6333    .data               system_nrf52.o
    0x20002510   COMPRESSED   0x00000004   Data   RW         6749    .data               mc_w.l(mvars.o)
    0x20002514   COMPRESSED   0x00000004   Data   RW         6750    .data               mc_w.l(mvars.o)
    0x20002518   COMPRESSED   0x00000014   Data   RW         4388    fs_data             fds.o
    0x2000252c        -       0x00000a50   Zero   RW           24    .bss                main.o
    0x20002f7c   COMPRESSED   0x00000004   PAD
    0x20002f80        -       0x00000050   Zero   RW         2327    .bss                ble_conn_params.o
    0x20002fd0        -       0x0000001c   Zero   RW         2538    .bss                ble_dfu.o
    0x20002fec        -       0x00000028   Zero   RW         2662    .bss                ble_dfu_unbonded.o
    0x20003014        -       0x00000014   Zero   RW         2787    .bss                nrf_drv_clock.o
    0x20003028        -       0x0000005c   Zero   RW         3302    .bss                nrfx_gpiote.o
    0x20003084        -       0x0000002c   Zero   RW         3586    .bss                nrfx_spi.o
    0x200030b0        -       0x00000010   Zero   RW         3948    .bss                app_timer2.o
    0x200030c0        -       0x00000058   Zero   RW         3949    .bss                app_timer2.o
    0x20003118        -       0x0000000c   Zero   RW         4101    .bss                app_util_platform.o
    0x20003124        -       0x00000010   Zero   RW         4384    .bss                fds.o
    0x20003134        -       0x000000c8   Zero   RW         4385    .bss                fds.o
    0x200031fc        -       0x00000010   Zero   RW         5217    .bss                nrf_fstorage_sd.o
    0x2000320c        -       0x000000a0   Zero   RW         5218    .bss                nrf_fstorage_sd.o
    0x200032ac        -       0x0000000c   Zero   RW         5395    .bss                nrf_pwr_mgmt.o
    0x200032b8        -       0x00002000   Zero   RW         6319    HEAP                arm_startup_nrf52811.o
    0x200052b8        -       0x00000800   Zero   RW         6318    STACK               arm_startup_nrf52811.o


==============================================================================

Image component sizes


      Code (inc. data)   RO Data    RW Data    ZI Data      Debug   Object Name

      3628         10          0          4          0      26015   adafruit_gfx.o
        22          0          0          0          0       2253   app_error.o
        48          8          0          0          0      30777   app_error_weak.o
       268         16          0         16          0      42313   app_scheduler.o
      1052         90         20         36        104      41751   app_timer2.o
       124         14          0          0         12      10078   app_util_platform.o
        36          8        512          0      10240        828   arm_startup_nrf52811.o
      1338          0          0          0          0     107068   ble_advdata.o
       972          6          0          0          0      91120   ble_advertising.o
       636         44          8          8         80      19915   ble_conn_params.o
       478         36         32          0         28      18064   ble_dfu.o
       440         32          8          4         40      51014   ble_dfu_unbonded.o
       464          6          0          0          0       3527   ble_srv_common.o
       612         14          6         12          0      47597   drv_rtc.o
       260         10          0          0          0      33789   epd_config.o
      1406        112         40         48          0      38969   epd_driver.o
      3166         86         24          8          0     126827   epd_service.o
      3514        336         24         68        216      40968   fds.o
         0          0       9821          0          0        667   fonts.o
      7992        726        488         12          0      32107   gui.o
      1188         42        758        164          0      11241   lunar.o
      1254        162         88         52       2640     173335   main.o
       342          0          0          0          0       7794   nrf_atfifo.o
         0          0          0          0          0        504   nrf_atflags.o
       286          0          0          0          0       5898   nrf_atomic.o
       342          4         14          0          0       6056   nrf_ble_gatt.o
        40          6          0          0          0       4362   nrf_dfu_svci.o
       312         36         16          0         20      44542   nrf_drv_clock.o
        96         14          0         16          0      14855   nrf_drv_spi.o
       232          0          0          0          0       6697   nrf_fstorage.o
       798         82         72          8        176      13919   nrf_fstorage_sd.o
       252         44         36          8         12       6622   nrf_pwr_mgmt.o
       560         60         88          3          0      43443   nrf_sdh.o
       286         18         56          1          0       4911   nrf_sdh_ble.o
        60          4         36          0          0       2084   nrf_sdh_soc.o
        78          0          0          0          0       2332   nrf_section_iter.o
        84          0          0          0          0       3164   nrf_sortlist.o
       230         32          0          8          0      44262   nrfx_clock.o
      1614        140          4          0         92      66121   nrfx_gpiote.o
       952         20          0          0         44      20912   nrfx_spi.o
       244         50          0          8          0       7216   nrfx_wdt.o
       552         68          0          4          0      61552   system_nrf52.o
       830          0          0          0          0      11477   u8g2_font.o
      1722         58       3068         96          0      17623   uc8179.o

    ----------------------------------------------------------------------
     38860       2402      15280        588      13708    1346569   Object Totals
         0          0         32          0          0          0   (incl. Generated)
        50          8         29          4          4          0   (incl. Padding)

    ----------------------------------------------------------------------

      Code (inc. data)   RO Data    RW Data    ZI Data      Debug   Library Member Name

        86          0          0          0          0          0   __dczerorl2.o
         0          0          0          0          0          0   entry.o
         0          0          0          0          0          0   entry10a.o
         0          0          0          0          0          0   entry11a.o
         8          4          0          0          0          0   entry2.o
         4          0          0          0          0          0   entry5.o
         0          0          0          0          0          0   entry7b.o
         0          0          0          0          0          0   entry8b.o
         8          4          0          0          0          0   entry9a.o
        30          0          0          0          0          0   handlers.o
        36          8          0          0          0         68   init.o
         0          0          0          0          0          0   iusefp.o
        30          0          0          0          0         68   llshl.o
        36          0          0          0          0         68   llsshr.o
        32          0          0          0          0         68   llushr.o
       188         20          0          0          0        160   malloc.o
        36          0          0          0          0         68   memcpya.o
        36          0          0          0          0        108   memseta.o
         0          0          0          8          0          0   mvars.o
      2340         88          0          0          0        600   printfa.o
        24          0          0          0          0         68   strcat.o
        18          0          0          0          0         68   strcpy.o
        14          0          0          0          0         68   strlen.o
        44          0          0          0          0         80   uidiv.o
        98          0          0          0          0         92   uldiv.o
        48          0          0          0          0         68   cdrcmple.o
       334          0          0          0          0        148   dadd.o
       222          0          0          0          0        100   ddiv.o
       186          0          0          0          0        176   depilogue.o
        62          0          0          0          0         80   dfixi.o
        48          0          0          0          0         68   dfixul.o
        34          0          0          0          0         76   dflti.o
        26          0          0          0          0         76   dfltui.o
       228          0          0          0          0         96   dmul.o

    ----------------------------------------------------------------------
      4260        124          0          8          0       2472   Library Totals
         4          0          0          0          0          0   (incl. Padding)

    ----------------------------------------------------------------------

      Code (inc. data)   RO Data    RW Data    ZI Data      Debug   Library Name

      3068        124          0          8          0       1584   mc_w.l
      1188          0          0          0          0        888   mf_w.l

    ----------------------------------------------------------------------
      4260        124          0          8          0       2472   Library Totals

    ----------------------------------------------------------------------

==============================================================================


      Code (inc. data)   RO Data    RW Data    ZI Data      Debug   

     43120       2526      15280        596      13708    1326549   Grand Totals
     43120       2526      15280        176      13708    1326549   ELF Image Totals (compressed)
     43120       2526      15280        176          0          0   ROM Totals

==============================================================================

    Total RO  Size (Code + RO Data)                58400 (  57.03kB)
    Total RW  Size (RW Data + ZI Data)             14304 (  13.97kB)
    Total ROM Size (Code + RO Data + RW Data)      58576 (  57.20kB)

==============================================================================

